WARNING: All log messages before absl::InitializeLog() is called are written to STDERR
I0000 00:00:1786432011.806128   20276 device_compiler.h:186] Compiled cluster using XLA!  This line is logged at most once for the lifetime of the process.
WARNING:tensorflow:5 out of the last 5 calls to <function _BaseOptimizer._update_step_xla at 0x7ff704214b80> triggered tf.function retracing. Tracing is expensive and the excessive number of tracings could be due to (1) creating @tf.function repeatedly in a loop, (2) passing tensors with different shapes, (3) passing Python objects instead of tensors. For (1), please define your @tf.function outside of the loop. For (2), @tf.function has reduce_retracing=True option that can avoid unnecessary retracing. For (3), please refer to https://www.tensorflow.org/guide/function#controlling_retracing and https://www.tensorflow.org/api_docs/python/tf/function for  more details.
WARNING:tensorflow:6 out of the last 6 calls to <function _BaseOptimizer._update_step_xla at 0x7ff704214b80> triggered tf.function retracing. Tracing is expensive and the excessive number of tracings could be due to (1) creating @tf.function repeatedly in a loop, (2) passing tensors with different shapes, (3) passing Python objects instead of tensors. For (1), please define your @tf.function outside of the loop. For (2), @tf.function has reduce_retracing=True option that can avoid unnecessary retracing. For (3), please refer to https://www.tensorflow.org/guide/function#controlling_retracing and https://www.tensorflow.org/api_docs/python/tf/function for  more details.
[ravdess/fedavg_fp32] round 001/50: loss=1.8566, acc=0.3306, time=13.3s
[ravdess/fedavg_fp32] round 002/50: loss=1.8171, acc=0.2694, time=9.5s
[ravdess/fedavg_fp32] round 003/50: loss=1.8423, acc=0.2500, time=9.3s
[ravdess/fedavg_fp32] round 004/50: loss=1.8157, acc=0.2806, time=8.8s
[ravdess/fedavg_fp32] round 005/50: loss=1.8225, acc=0.3250, time=8.7s
[ravdess/fedavg_fp32] round 006/50: loss=1.7723, acc=0.2861, time=8.8s
[ravdess/fedavg_fp32] round 007/50: loss=1.7503, acc=0.3222, time=9.2s
[ravdess/fedavg_fp32] round 008/50: loss=1.6697, acc=0.3611, time=8.9s
[ravdess/fedavg_fp32] round 009/50: loss=1.6619, acc=0.3972, time=8.8s
[ravdess/fedavg_fp32] round 010/50: loss=1.5917, acc=0.4389, time=9.1s
[ravdess/fedavg_fp32] round 011/50: loss=1.5090, acc=0.4694, time=8.9s
[ravdess/fedavg_fp32] round 012/50: loss=1.4332, acc=0.4917, time=8.9s
[ravdess/fedavg_fp32] round 013/50: loss=1.3369, acc=0.5222, time=8.8s
[ravdess/fedavg_fp32] round 014/50: loss=1.2333, acc=0.5667, time=8.9s
[ravdess/fedavg_fp32] round 015/50: loss=1.2085, acc=0.5667, time=9.1s
[ravdess/fedavg_fp32] round 016/50: loss=1.1087, acc=0.6028, time=9.1s
[ravdess/fedavg_fp32] round 017/50: loss=1.1086, acc=0.6278, time=8.9s
[ravdess/fedavg_fp32] round 018/50: loss=1.1131, acc=0.6278, time=8.9s
[ravdess/fedavg_fp32] round 019/50: loss=1.1295, acc=0.6278, time=8.8s
[ravdess/fedavg_fp32] round 020/50: loss=1.1675, acc=0.6389, time=9.2s
[ravdess/fedavg_fp32] round 021/50: loss=1.2220, acc=0.6222, time=8.9s
[ravdess/fedavg_fp32] round 022/50: loss=1.3147, acc=0.6556, time=9.0s
[ravdess/fedavg_fp32] round 023/50: loss=1.5754, acc=0.6111, time=9.1s
[ravdess/fedavg_fp32] round 024/50: loss=2.0607, acc=0.5528, time=8.8s
[ravdess/fedavg_fp32] round 025/50: loss=3.0038, acc=0.4778, time=9.1s
[ravdess/fedavg_fp32] round 026/50: loss=2.5292, acc=0.5028, time=8.7s
[ravdess/fedavg_fp32] round 027/50: loss=1.4325, acc=0.5972, time=8.8s
[ravdess/fedavg_fp32] round 028/50: loss=1.2344, acc=0.6500, time=8.9s
[ravdess/fedavg_fp32] round 029/50: loss=1.4712, acc=0.6167, time=8.9s
[ravdess/fedavg_fp32] round 030/50: loss=1.3463, acc=0.6556, time=8.8s
[ravdess/fedavg_fp32] round 031/50: loss=1.4567, acc=0.6528, time=8.8s
[ravdess/fedavg_fp32] round 032/50: loss=1.4165, acc=0.6639, time=8.8s
[ravdess/fedavg_fp32] round 033/50: loss=1.4494, acc=0.6667, time=8.8s
[ravdess/fedavg_fp32] round 034/50: loss=1.4657, acc=0.6833, time=8.9s
[ravdess/fedavg_fp32] round 035/50: loss=1.4843, acc=0.6833, time=8.7s
[ravdess/fedavg_fp32] round 036/50: loss=1.4985, acc=0.6889, time=9.0s
[ravdess/fedavg_fp32] round 037/50: loss=1.5349, acc=0.6833, time=8.6s
[ravdess/fedavg_fp32] round 038/50: loss=1.5593, acc=0.6861, time=8.7s
[ravdess/fedavg_fp32] round 039/50: loss=1.5726, acc=0.6778, time=8.8s
[ravdess/fedavg_fp32] round 040/50: loss=1.5817, acc=0.6667, time=8.7s
[ravdess/fedavg_fp32] round 041/50: loss=1.6124, acc=0.6722, time=9.8s
[ravdess/fedavg_fp32] round 042/50: loss=1.6136, acc=0.6750, time=8.8s
[ravdess/fedavg_fp32] round 043/50: loss=1.6226, acc=0.6722, time=8.7s
[ravdess/fedavg_fp32] round 044/50: loss=1.6315, acc=0.6722, time=8.8s
[ravdess/fedavg_fp32] round 045/50: loss=1.6383, acc=0.6722, time=8.9s
[ravdess/fedavg_fp32] round 046/50: loss=1.6348, acc=0.6806, time=8.9s
[ravdess/fedavg_fp32] round 047/50: loss=1.6194, acc=0.6722, time=8.8s
[ravdess/fedavg_fp32] round 048/50: loss=1.6285, acc=0.6750, time=8.9s
[ravdess/fedavg_fp32] round 049/50: loss=1.6636, acc=0.6722, time=9.0s
[ravdess/fedavg_fp32] round 050/50: loss=1.6637, acc=0.6722, time=9.2s
completed: results/experiment1_final/ravdess/fedavg_fp32/seed_123_20260811_150650
[ravdess/signsgd] round 001/50: loss=2.0703, acc=0.1389, time=9.2s
[ravdess/signsgd] round 002/50: loss=2.0476, acc=0.1778, time=9.1s
[ravdess/signsgd] round 003/50: loss=2.0209, acc=0.2056, time=9.1s
[ravdess/signsgd] round 004/50: loss=1.9908, acc=0.2333, time=8.8s
[ravdess/signsgd] round 005/50: loss=1.9580, acc=0.2722, time=8.7s
[ravdess/signsgd] round 006/50: loss=1.9259, acc=0.2861, time=9.0s
[ravdess/signsgd] round 007/50: loss=1.8995, acc=0.2917, time=8.2s
[ravdess/signsgd] round 008/50: loss=1.8770, acc=0.2972, time=8.5s
[ravdess/signsgd] round 009/50: loss=1.8582, acc=0.2917, time=8.7s
[ravdess/signsgd] round 010/50: loss=1.8447, acc=0.3056, time=9.0s
[ravdess/signsgd] round 011/50: loss=1.8305, acc=0.3139, time=9.0s
[ravdess/signsgd] round 012/50: loss=1.8235, acc=0.3250, time=9.0s
[ravdess/signsgd] round 013/50: loss=1.8174, acc=0.3278, time=8.4s
[ravdess/signsgd] round 014/50: loss=1.8134, acc=0.3250, time=8.5s
[ravdess/signsgd] round 015/50: loss=1.8115, acc=0.3333, time=8.6s
[ravdess/signsgd] round 016/50: loss=1.8087, acc=0.3472, time=8.9s
[ravdess/signsgd] round 017/50: loss=1.8064, acc=0.3611, time=9.0s
[ravdess/signsgd] round 018/50: loss=1.8090, acc=0.3667, time=8.9s
[ravdess/signsgd] round 019/50: loss=1.8061, acc=0.3694, time=8.6s
[ravdess/signsgd] round 020/50: loss=1.7983, acc=0.3722, time=8.5s
[ravdess/signsgd] round 021/50: loss=1.7988, acc=0.3694, time=9.0s
[ravdess/signsgd] round 022/50: loss=1.7897, acc=0.3694, time=9.2s
[ravdess/signsgd] round 023/50: loss=1.7840, acc=0.3722, time=8.3s
[ravdess/signsgd] round 024/50: loss=1.7748, acc=0.3722, time=8.7s
[ravdess/signsgd] round 025/50: loss=1.7713, acc=0.3833, time=9.0s
[ravdess/signsgd] round 026/50: loss=1.7640, acc=0.3944, time=8.7s
[ravdess/signsgd] round 027/50: loss=1.7593, acc=0.4028, time=9.2s
[ravdess/signsgd] round 028/50: loss=1.7556, acc=0.4056, time=8.7s
[ravdess/signsgd] round 029/50: loss=1.7490, acc=0.4028, time=9.0s
[ravdess/signsgd] round 030/50: loss=1.7454, acc=0.4028, time=8.9s
[ravdess/signsgd] round 031/50: loss=1.7453, acc=0.3972, time=8.6s
[ravdess/signsgd] round 032/50: loss=1.7471, acc=0.3944, time=8.7s
[ravdess/signsgd] round 033/50: loss=1.7448, acc=0.3944, time=9.0s
[ravdess/signsgd] round 034/50: loss=1.7419, acc=0.3861, time=8.7s
[ravdess/signsgd] round 035/50: loss=1.7399, acc=0.3972, time=8.5s
[ravdess/signsgd] round 036/50: loss=1.7388, acc=0.3972, time=8.5s
[ravdess/signsgd] round 037/50: loss=1.7356, acc=0.4028, time=8.9s
[ravdess/signsgd] round 038/50: loss=1.7329, acc=0.4000, time=8.6s
[ravdess/signsgd] round 039/50: loss=1.7294, acc=0.3944, time=8.6s
[ravdess/signsgd] round 040/50: loss=1.7272, acc=0.4028, time=8.9s
[ravdess/signsgd] round 041/50: loss=1.7274, acc=0.4028, time=8.9s
[ravdess/signsgd] round 042/50: loss=1.7253, acc=0.4083, time=8.6s
[ravdess/signsgd] round 043/50: loss=1.7265, acc=0.4111, time=8.7s
[ravdess/signsgd] round 044/50: loss=1.7278, acc=0.4139, time=8.7s
[ravdess/signsgd] round 045/50: loss=1.7311, acc=0.4028, time=8.3s
[ravdess/signsgd] round 046/50: loss=1.7283, acc=0.4083, time=9.2s
[ravdess/signsgd] round 047/50: loss=1.7307, acc=0.4111, time=9.1s
[ravdess/signsgd] round 048/50: loss=1.7290, acc=0.4111, time=9.0s
[ravdess/signsgd] round 049/50: loss=1.7317, acc=0.4111, time=8.5s
[ravdess/signsgd] round 050/50: loss=1.7315, acc=0.4083, time=9.1s
completed: results/experiment1_final/ravdess/signsgd/seed_123_20260811_151426
[ravdess/w2_fp32_adam] round 001/50: loss=8.9232, acc=0.1778, time=14.8s
[ravdess/w2_fp32_adam] round 002/50: loss=2.1651, acc=0.3889, time=12.1s
[ravdess/w2_fp32_adam] round 003/50: loss=1.6602, acc=0.4667, time=12.1s
[ravdess/w2_fp32_adam] round 004/50: loss=1.4360, acc=0.5139, time=12.3s
[ravdess/w2_fp32_adam] round 005/50: loss=1.3422, acc=0.5444, time=11.9s
[ravdess/w2_fp32_adam] round 006/50: loss=1.3465, acc=0.5583, time=12.3s
[ravdess/w2_fp32_adam] round 007/50: loss=1.3256, acc=0.5889, time=12.1s
[ravdess/w2_fp32_adam] round 008/50: loss=1.2980, acc=0.5944, time=12.0s
[ravdess/w2_fp32_adam] round 009/50: loss=1.3225, acc=0.5778, time=12.2s
[ravdess/w2_fp32_adam] round 010/50: loss=1.2176, acc=0.6222, time=12.2s
[ravdess/w2_fp32_adam] round 011/50: loss=1.2902, acc=0.5889, time=12.1s
[ravdess/w2_fp32_adam] round 012/50: loss=1.2782, acc=0.6194, time=11.8s
[ravdess/w2_fp32_adam] round 013/50: loss=1.2858, acc=0.6111, time=12.0s
[ravdess/w2_fp32_adam] round 014/50: loss=1.3348, acc=0.6028, time=12.1s
[ravdess/w2_fp32_adam] round 015/50: loss=1.3808, acc=0.5917, time=12.0s
[ravdess/w2_fp32_adam] round 016/50: loss=1.3020, acc=0.6000, time=12.1s
[ravdess/w2_fp32_adam] round 017/50: loss=1.2999, acc=0.6139, time=12.0s
[ravdess/w2_fp32_adam] round 018/50: loss=1.3344, acc=0.6083, time=11.9s
[ravdess/w2_fp32_adam] round 019/50: loss=1.3774, acc=0.5889, time=12.2s
[ravdess/w2_fp32_adam] round 020/50: loss=1.3820, acc=0.6222, time=11.9s
[ravdess/w2_fp32_adam] round 021/50: loss=1.3850, acc=0.6028, time=11.9s
[ravdess/w2_fp32_adam] round 022/50: loss=1.4433, acc=0.6083, time=12.4s
[ravdess/w2_fp32_adam] round 023/50: loss=1.3780, acc=0.5833, time=12.1s
[ravdess/w2_fp32_adam] round 024/50: loss=1.3957, acc=0.6028, time=11.8s
[ravdess/w2_fp32_adam] round 025/50: loss=1.3921, acc=0.6083, time=12.4s
[ravdess/w2_fp32_adam] round 026/50: loss=1.4440, acc=0.6056, time=11.9s
[ravdess/w2_fp32_adam] round 027/50: loss=1.4444, acc=0.5944, time=12.2s
[ravdess/w2_fp32_adam] round 028/50: loss=1.4230, acc=0.6000, time=11.9s
[ravdess/w2_fp32_adam] round 029/50: loss=1.4363, acc=0.6194, time=11.7s
[ravdess/w2_fp32_adam] round 030/50: loss=1.4770, acc=0.6028, time=11.7s
[ravdess/w2_fp32_adam] round 031/50: loss=1.4680, acc=0.5972, time=11.6s
[ravdess/w2_fp32_adam] round 032/50: loss=1.4418, acc=0.6194, time=11.9s
[ravdess/w2_fp32_adam] round 033/50: loss=1.4690, acc=0.6139, time=12.6s
[ravdess/w2_fp32_adam] round 034/50: loss=1.4486, acc=0.6222, time=12.6s
[ravdess/w2_fp32_adam] round 035/50: loss=1.4700, acc=0.6111, time=13.2s
[ravdess/w2_fp32_adam] round 036/50: loss=1.4688, acc=0.6222, time=12.9s
[ravdess/w2_fp32_adam] round 037/50: loss=1.4718, acc=0.6222, time=12.9s
[ravdess/w2_fp32_adam] round 038/50: loss=1.4771, acc=0.6194, time=13.5s
[ravdess/w2_fp32_adam] round 039/50: loss=1.5425, acc=0.6056, time=13.3s
[ravdess/w2_fp32_adam] round 040/50: loss=1.6332, acc=0.5889, time=13.1s
[ravdess/w2_fp32_adam] round 041/50: loss=2.4386, acc=0.5306, time=13.6s
[ravdess/w2_fp32_adam] round 042/50: loss=3.5418, acc=0.4667, time=12.8s
[ravdess/w2_fp32_adam] round 043/50: loss=2.6554, acc=0.5333, time=12.4s
[ravdess/w2_fp32_adam] round 044/50: loss=1.9711, acc=0.5833, time=12.7s
[ravdess/w2_fp32_adam] round 045/50: loss=1.8540, acc=0.6083, time=12.4s
[ravdess/w2_fp32_adam] round 046/50: loss=1.7644, acc=0.6056, time=12.1s
[ravdess/w2_fp32_adam] round 047/50: loss=1.7868, acc=0.6083, time=12.4s
[ravdess/w2_fp32_adam] round 048/50: loss=1.7522, acc=0.6361, time=12.5s
[ravdess/w2_fp32_adam] round 049/50: loss=1.7768, acc=0.6194, time=12.7s
[ravdess/w2_fp32_adam] round 050/50: loss=1.7858, acc=0.6111, time=13.2s
completed: results/experiment1_final/ravdess/w2_fp32_adam/seed_123_20260811_152155
[ravdess/cqfl] round 001/50: loss=4.3125, acc=0.2806, time=80.5s
[ravdess/cqfl] round 002/50: loss=2.7336, acc=0.3500, time=84.4s
[ravdess/cqfl] round 003/50: loss=2.0072, acc=0.4194, time=76.9s
[ravdess/cqfl] round 004/50: loss=1.6802, acc=0.5222, time=73.2s
[ravdess/cqfl] round 005/50: loss=1.4273, acc=0.5472, time=75.0s
[ravdess/cqfl] round 006/50: loss=1.3348, acc=0.6000, time=74.2s
[ravdess/cqfl] round 007/50: loss=1.2918, acc=0.6000, time=76.2s
[ravdess/cqfl] round 008/50: loss=1.5309, acc=0.5389, time=77.3s
[ravdess/cqfl] round 009/50: loss=1.2633, acc=0.5778, time=73.2s
[ravdess/cqfl] round 010/50: loss=1.2228, acc=0.6222, time=75.3s
[ravdess/cqfl] round 011/50: loss=1.1955, acc=0.6000, time=77.4s
[ravdess/cqfl] round 012/50: loss=1.2292, acc=0.6167, time=73.4s
[ravdess/cqfl] round 013/50: loss=1.2303, acc=0.6056, time=73.4s
[ravdess/cqfl] round 014/50: loss=1.2598, acc=0.6083, time=74.6s
[ravdess/cqfl] round 015/50: loss=1.3817, acc=0.5861, time=76.0s
[ravdess/cqfl] round 016/50: loss=1.3191, acc=0.6083, time=73.3s
[ravdess/cqfl] round 017/50: loss=1.3008, acc=0.6167, time=74.5s
[ravdess/cqfl] round 018/50: loss=1.3348, acc=0.5972, time=76.2s
[ravdess/cqfl] round 019/50: loss=1.4041, acc=0.6250, time=76.2s
[ravdess/cqfl] round 020/50: loss=1.3877, acc=0.6083, time=74.8s
[ravdess/cqfl] round 021/50: loss=1.4201, acc=0.6278, time=73.4s
[ravdess/cqfl] round 022/50: loss=1.4824, acc=0.6222, time=70.3s
[ravdess/cqfl] round 023/50: loss=1.4131, acc=0.5972, time=73.6s
[ravdess/cqfl] round 024/50: loss=1.4569, acc=0.5972, time=75.6s
[ravdess/cqfl] round 025/50: loss=1.4386, acc=0.6111, time=73.6s
[ravdess/cqfl] round 026/50: loss=1.5100, acc=0.5861, time=74.7s
[ravdess/cqfl] round 027/50: loss=1.4778, acc=0.5944, time=75.0s
[ravdess/cqfl] round 028/50: loss=1.4868, acc=0.6056, time=77.0s
[ravdess/cqfl] round 029/50: loss=1.4758, acc=0.6083, time=78.1s
[ravdess/cqfl] round 030/50: loss=1.5019, acc=0.5944, time=75.5s
[ravdess/cqfl] round 031/50: loss=1.5086, acc=0.6000, time=76.0s
[ravdess/cqfl] round 032/50: loss=1.5076, acc=0.6000, time=77.7s
[ravdess/cqfl] round 033/50: loss=1.5198, acc=0.5917, time=73.0s
[ravdess/cqfl] round 034/50: loss=1.5149, acc=0.5944, time=70.3s
[ravdess/cqfl] round 035/50: loss=1.5439, acc=0.5861, time=75.3s
[ravdess/cqfl] round 036/50: loss=1.5447, acc=0.5917, time=75.0s
[ravdess/cqfl] round 037/50: loss=1.5469, acc=0.5917, time=75.6s
[ravdess/cqfl] round 038/50: loss=1.5529, acc=0.6028, time=77.5s
[ravdess/cqfl] round 039/50: loss=1.5772, acc=0.6139, time=74.8s
[ravdess/cqfl] round 040/50: loss=1.5932, acc=0.5944, time=76.9s
[ravdess/cqfl] round 041/50: loss=1.6037, acc=0.5889, time=74.7s
[ravdess/cqfl] round 042/50: loss=1.6007, acc=0.5861, time=74.8s
[ravdess/cqfl] round 043/50: loss=1.6151, acc=0.6056, time=74.4s
[ravdess/cqfl] round 044/50: loss=1.6338, acc=0.5972, time=74.2s
[ravdess/cqfl] round 045/50: loss=1.6468, acc=0.6000, time=74.1s
[ravdess/cqfl] round 046/50: loss=1.6482, acc=0.5917, time=72.0s
[ravdess/cqfl] round 047/50: loss=1.6394, acc=0.5778, time=74.5s
[ravdess/cqfl] round 048/50: loss=1.6488, acc=0.5917, time=75.6s
[ravdess/cqfl] round 049/50: loss=1.6847, acc=0.5889, time=77.8s
[ravdess/cqfl] round 050/50: loss=1.6747, acc=0.5917, time=75.6s
completed: results/experiment1_final/ravdess/cqfl/seed_123_20260811_153221
