WARNING: All log messages before absl::InitializeLog() is called are written to STDERR
I0000 00:00:1786426635.526112   13957 device_compiler.h:186] Compiled cluster using XLA!  This line is logged at most once for the lifetime of the process.
WARNING:tensorflow:5 out of the last 5 calls to <function _BaseOptimizer._update_step_xla at 0x7f15d41f4af0> triggered tf.function retracing. Tracing is expensive and the excessive number of tracings could be due to (1) creating @tf.function repeatedly in a loop, (2) passing tensors with different shapes, (3) passing Python objects instead of tensors. For (1), please define your @tf.function outside of the loop. For (2), @tf.function has reduce_retracing=True option that can avoid unnecessary retracing. For (3), please refer to https://www.tensorflow.org/guide/function#controlling_retracing and https://www.tensorflow.org/api_docs/python/tf/function for  more details.
WARNING:tensorflow:6 out of the last 6 calls to <function _BaseOptimizer._update_step_xla at 0x7f15d41f4af0> triggered tf.function retracing. Tracing is expensive and the excessive number of tracings could be due to (1) creating @tf.function repeatedly in a loop, (2) passing tensors with different shapes, (3) passing Python objects instead of tensors. For (1), please define your @tf.function outside of the loop. For (2), @tf.function has reduce_retracing=True option that can avoid unnecessary retracing. For (3), please refer to https://www.tensorflow.org/guide/function#controlling_retracing and https://www.tensorflow.org/api_docs/python/tf/function for  more details.
[ravdess/fedavg_fp32] round 001/50: loss=1.9215, acc=0.2694, time=14.0s
[ravdess/fedavg_fp32] round 002/50: loss=1.9228, acc=0.2389, time=9.5s
[ravdess/fedavg_fp32] round 003/50: loss=1.9173, acc=0.2778, time=10.5s
[ravdess/fedavg_fp32] round 004/50: loss=1.9251, acc=0.3167, time=9.1s
[ravdess/fedavg_fp32] round 005/50: loss=1.8918, acc=0.2722, time=9.8s
[ravdess/fedavg_fp32] round 006/50: loss=1.8598, acc=0.3028, time=9.0s
[ravdess/fedavg_fp32] round 007/50: loss=1.8186, acc=0.3333, time=9.0s
[ravdess/fedavg_fp32] round 008/50: loss=1.7544, acc=0.3722, time=10.7s
[ravdess/fedavg_fp32] round 009/50: loss=1.6977, acc=0.4000, time=9.6s
[ravdess/fedavg_fp32] round 010/50: loss=1.6074, acc=0.4194, time=9.7s
[ravdess/fedavg_fp32] round 011/50: loss=1.5249, acc=0.4278, time=9.5s
[ravdess/fedavg_fp32] round 012/50: loss=1.3959, acc=0.4611, time=9.4s
[ravdess/fedavg_fp32] round 013/50: loss=1.3048, acc=0.4917, time=9.6s
[ravdess/fedavg_fp32] round 014/50: loss=1.2689, acc=0.5278, time=9.8s
[ravdess/fedavg_fp32] round 015/50: loss=1.2223, acc=0.5444, time=9.8s
[ravdess/fedavg_fp32] round 016/50: loss=1.2313, acc=0.5250, time=9.5s
[ravdess/fedavg_fp32] round 017/50: loss=1.2177, acc=0.5583, time=9.7s
[ravdess/fedavg_fp32] round 018/50: loss=1.2465, acc=0.5611, time=9.5s
[ravdess/fedavg_fp32] round 019/50: loss=1.2956, acc=0.5639, time=9.7s
[ravdess/fedavg_fp32] round 020/50: loss=1.3444, acc=0.5639, time=9.3s
[ravdess/fedavg_fp32] round 021/50: loss=1.3926, acc=0.5667, time=9.5s
[ravdess/fedavg_fp32] round 022/50: loss=1.4411, acc=0.5611, time=9.1s
[ravdess/fedavg_fp32] round 023/50: loss=1.4910, acc=0.5611, time=9.5s
[ravdess/fedavg_fp32] round 024/50: loss=1.5249, acc=0.5639, time=9.3s
[ravdess/fedavg_fp32] round 025/50: loss=1.5785, acc=0.5500, time=9.6s
[ravdess/fedavg_fp32] round 026/50: loss=1.5732, acc=0.5667, time=10.1s
[ravdess/fedavg_fp32] round 027/50: loss=1.6079, acc=0.5556, time=9.1s
[ravdess/fedavg_fp32] round 028/50: loss=1.6134, acc=0.5556, time=9.5s
[ravdess/fedavg_fp32] round 029/50: loss=1.6330, acc=0.5639, time=10.0s
[ravdess/fedavg_fp32] round 030/50: loss=1.6482, acc=0.5556, time=9.4s
[ravdess/fedavg_fp32] round 031/50: loss=1.6604, acc=0.5528, time=10.9s
[ravdess/fedavg_fp32] round 032/50: loss=1.6789, acc=0.5556, time=9.1s
[ravdess/fedavg_fp32] round 033/50: loss=1.6706, acc=0.5528, time=9.3s
[ravdess/fedavg_fp32] round 034/50: loss=1.6895, acc=0.5472, time=9.2s
[ravdess/fedavg_fp32] round 035/50: loss=1.6934, acc=0.5500, time=9.5s
[ravdess/fedavg_fp32] round 036/50: loss=1.6899, acc=0.5556, time=9.5s
[ravdess/fedavg_fp32] round 037/50: loss=1.7052, acc=0.5556, time=9.8s
[ravdess/fedavg_fp32] round 038/50: loss=1.7197, acc=0.5528, time=9.6s
[ravdess/fedavg_fp32] round 039/50: loss=1.7154, acc=0.5611, time=9.3s
[ravdess/fedavg_fp32] round 040/50: loss=1.7185, acc=0.5528, time=9.7s
[ravdess/fedavg_fp32] round 041/50: loss=1.7292, acc=0.5583, time=9.7s
[ravdess/fedavg_fp32] round 042/50: loss=1.7516, acc=0.5528, time=9.4s
[ravdess/fedavg_fp32] round 043/50: loss=1.7509, acc=0.5528, time=10.7s
[ravdess/fedavg_fp32] round 044/50: loss=1.7578, acc=0.5472, time=9.6s
[ravdess/fedavg_fp32] round 045/50: loss=1.7669, acc=0.5417, time=9.5s
[ravdess/fedavg_fp32] round 046/50: loss=1.7763, acc=0.5417, time=10.7s
[ravdess/fedavg_fp32] round 047/50: loss=1.7812, acc=0.5500, time=9.6s
[ravdess/fedavg_fp32] round 048/50: loss=1.7785, acc=0.5500, time=9.4s
[ravdess/fedavg_fp32] round 049/50: loss=1.7866, acc=0.5417, time=9.5s
[ravdess/fedavg_fp32] round 050/50: loss=1.7992, acc=0.5444, time=9.6s
completed: results/experiment1_final/ravdess/fedavg_fp32/seed_42_20260811_133714
[ravdess/signsgd] round 001/50: loss=2.0663, acc=0.1556, time=9.7s
[ravdess/signsgd] round 002/50: loss=2.0535, acc=0.1944, time=9.3s
[ravdess/signsgd] round 003/50: loss=2.0378, acc=0.2028, time=9.2s
[ravdess/signsgd] round 004/50: loss=2.0188, acc=0.2111, time=9.3s
[ravdess/signsgd] round 005/50: loss=1.9972, acc=0.2167, time=9.5s
[ravdess/signsgd] round 006/50: loss=1.9730, acc=0.2444, time=9.3s
[ravdess/signsgd] round 007/50: loss=1.9492, acc=0.2639, time=9.5s
[ravdess/signsgd] round 008/50: loss=1.9247, acc=0.2917, time=9.6s
[ravdess/signsgd] round 009/50: loss=1.9015, acc=0.3028, time=9.1s
[ravdess/signsgd] round 010/50: loss=1.8792, acc=0.3083, time=9.3s
[ravdess/signsgd] round 011/50: loss=1.8605, acc=0.3194, time=9.2s
[ravdess/signsgd] round 012/50: loss=1.8450, acc=0.3194, time=9.0s
[ravdess/signsgd] round 013/50: loss=1.8294, acc=0.3194, time=9.8s
[ravdess/signsgd] round 014/50: loss=1.8153, acc=0.3333, time=10.2s
[ravdess/signsgd] round 015/50: loss=1.8041, acc=0.3250, time=9.9s
[ravdess/signsgd] round 016/50: loss=1.7944, acc=0.3194, time=10.4s
[ravdess/signsgd] round 017/50: loss=1.7811, acc=0.3167, time=9.6s
[ravdess/signsgd] round 018/50: loss=1.7684, acc=0.3222, time=9.6s
[ravdess/signsgd] round 019/50: loss=1.7610, acc=0.3361, time=9.6s
[ravdess/signsgd] round 020/50: loss=1.7523, acc=0.3333, time=9.7s
[ravdess/signsgd] round 021/50: loss=1.7480, acc=0.3361, time=9.6s
[ravdess/signsgd] round 022/50: loss=1.7405, acc=0.3417, time=9.2s
[ravdess/signsgd] round 023/50: loss=1.7390, acc=0.3389, time=9.4s
[ravdess/signsgd] round 024/50: loss=1.7334, acc=0.3500, time=9.5s
[ravdess/signsgd] round 025/50: loss=1.7296, acc=0.3528, time=9.3s
[ravdess/signsgd] round 026/50: loss=1.7294, acc=0.3472, time=9.3s
[ravdess/signsgd] round 027/50: loss=1.7284, acc=0.3444, time=9.3s
[ravdess/signsgd] round 028/50: loss=1.7233, acc=0.3472, time=9.7s
[ravdess/signsgd] round 029/50: loss=1.7183, acc=0.3472, time=9.4s
[ravdess/signsgd] round 030/50: loss=1.7148, acc=0.3528, time=9.4s
[ravdess/signsgd] round 031/50: loss=1.7128, acc=0.3583, time=9.7s
[ravdess/signsgd] round 032/50: loss=1.7145, acc=0.3500, time=9.4s
[ravdess/signsgd] round 033/50: loss=1.7151, acc=0.3500, time=9.4s
[ravdess/signsgd] round 034/50: loss=1.7121, acc=0.3528, time=9.8s
[ravdess/signsgd] round 035/50: loss=1.7094, acc=0.3500, time=9.0s
[ravdess/signsgd] round 036/50: loss=1.7039, acc=0.3528, time=9.3s
[ravdess/signsgd] round 037/50: loss=1.6996, acc=0.3667, time=9.1s
[ravdess/signsgd] round 038/50: loss=1.7003, acc=0.3750, time=8.9s
[ravdess/signsgd] round 039/50: loss=1.6985, acc=0.3750, time=9.2s
[ravdess/signsgd] round 040/50: loss=1.6953, acc=0.3722, time=9.2s
[ravdess/signsgd] round 041/50: loss=1.6891, acc=0.3722, time=9.0s
[ravdess/signsgd] round 042/50: loss=1.6868, acc=0.3722, time=9.4s
[ravdess/signsgd] round 043/50: loss=1.6854, acc=0.3750, time=9.0s
[ravdess/signsgd] round 044/50: loss=1.6817, acc=0.3722, time=9.3s
[ravdess/signsgd] round 045/50: loss=1.6804, acc=0.3722, time=9.3s
[ravdess/signsgd] round 046/50: loss=1.6751, acc=0.3667, time=9.0s
[ravdess/signsgd] round 047/50: loss=1.6745, acc=0.3750, time=9.4s
[ravdess/signsgd] round 048/50: loss=1.6716, acc=0.3833, time=9.4s
[ravdess/signsgd] round 049/50: loss=1.6702, acc=0.3806, time=8.9s
[ravdess/signsgd] round 050/50: loss=1.6669, acc=0.3722, time=9.9s
completed: results/experiment1_final/ravdess/signsgd/seed_42_20260811_134525
[ravdess/w2_fp32_adam] round 001/50: loss=6.6215, acc=0.2472, time=15.5s
[ravdess/w2_fp32_adam] round 002/50: loss=2.1691, acc=0.4250, time=13.9s
[ravdess/w2_fp32_adam] round 003/50: loss=1.8196, acc=0.4778, time=14.1s
[ravdess/w2_fp32_adam] round 004/50: loss=1.5866, acc=0.5111, time=14.9s
[ravdess/w2_fp32_adam] round 005/50: loss=1.5111, acc=0.5333, time=12.1s
[ravdess/w2_fp32_adam] round 006/50: loss=1.4498, acc=0.5222, time=12.4s
[ravdess/w2_fp32_adam] round 007/50: loss=1.4317, acc=0.5083, time=12.5s
[ravdess/w2_fp32_adam] round 008/50: loss=1.3690, acc=0.5694, time=13.3s
[ravdess/w2_fp32_adam] round 009/50: loss=1.3709, acc=0.5583, time=12.2s
[ravdess/w2_fp32_adam] round 010/50: loss=1.3380, acc=0.5722, time=13.2s
[ravdess/w2_fp32_adam] round 011/50: loss=1.4151, acc=0.5611, time=12.3s
[ravdess/w2_fp32_adam] round 012/50: loss=1.3528, acc=0.5861, time=13.0s
[ravdess/w2_fp32_adam] round 013/50: loss=1.3625, acc=0.5750, time=12.6s
[ravdess/w2_fp32_adam] round 014/50: loss=1.3872, acc=0.5722, time=12.5s
[ravdess/w2_fp32_adam] round 015/50: loss=1.4033, acc=0.5750, time=12.2s
[ravdess/w2_fp32_adam] round 016/50: loss=1.4404, acc=0.5750, time=13.1s
[ravdess/w2_fp32_adam] round 017/50: loss=1.4515, acc=0.5667, time=12.2s
[ravdess/w2_fp32_adam] round 018/50: loss=1.4909, acc=0.5583, time=12.5s
[ravdess/w2_fp32_adam] round 019/50: loss=1.4679, acc=0.5722, time=12.2s
[ravdess/w2_fp32_adam] round 020/50: loss=1.4626, acc=0.5722, time=12.7s
[ravdess/w2_fp32_adam] round 021/50: loss=1.4758, acc=0.5722, time=12.3s
[ravdess/w2_fp32_adam] round 022/50: loss=1.5457, acc=0.5667, time=12.6s
[ravdess/w2_fp32_adam] round 023/50: loss=1.5676, acc=0.5583, time=12.0s
[ravdess/w2_fp32_adam] round 024/50: loss=1.5369, acc=0.5667, time=12.6s
[ravdess/w2_fp32_adam] round 025/50: loss=1.6013, acc=0.5694, time=12.0s
[ravdess/w2_fp32_adam] round 026/50: loss=1.5134, acc=0.5861, time=12.9s
[ravdess/w2_fp32_adam] round 027/50: loss=1.5331, acc=0.5972, time=12.3s
[ravdess/w2_fp32_adam] round 028/50: loss=1.6408, acc=0.5639, time=12.4s
[ravdess/w2_fp32_adam] round 029/50: loss=1.5687, acc=0.5667, time=12.0s
[ravdess/w2_fp32_adam] round 030/50: loss=1.5467, acc=0.6000, time=12.9s
[ravdess/w2_fp32_adam] round 031/50: loss=1.5515, acc=0.5944, time=12.2s
[ravdess/w2_fp32_adam] round 032/50: loss=1.5667, acc=0.5917, time=12.7s
[ravdess/w2_fp32_adam] round 033/50: loss=1.5860, acc=0.5861, time=12.0s
[ravdess/w2_fp32_adam] round 034/50: loss=1.5967, acc=0.5778, time=12.7s
[ravdess/w2_fp32_adam] round 035/50: loss=1.5990, acc=0.5833, time=12.1s
[ravdess/w2_fp32_adam] round 036/50: loss=1.5999, acc=0.5833, time=12.7s
[ravdess/w2_fp32_adam] round 037/50: loss=1.6247, acc=0.5806, time=12.2s
[ravdess/w2_fp32_adam] round 038/50: loss=1.6090, acc=0.5889, time=12.4s
[ravdess/w2_fp32_adam] round 039/50: loss=1.6024, acc=0.5917, time=12.0s
[ravdess/w2_fp32_adam] round 040/50: loss=1.6021, acc=0.5917, time=12.4s
[ravdess/w2_fp32_adam] round 041/50: loss=1.6439, acc=0.5889, time=11.7s
[ravdess/w2_fp32_adam] round 042/50: loss=1.6459, acc=0.6028, time=12.3s
[ravdess/w2_fp32_adam] round 043/50: loss=1.6404, acc=0.5861, time=12.3s
[ravdess/w2_fp32_adam] round 044/50: loss=1.6328, acc=0.5944, time=12.3s
[ravdess/w2_fp32_adam] round 045/50: loss=1.6483, acc=0.6028, time=12.1s
[ravdess/w2_fp32_adam] round 046/50: loss=1.6555, acc=0.5889, time=12.7s
[ravdess/w2_fp32_adam] round 047/50: loss=1.6744, acc=0.5917, time=12.1s
[ravdess/w2_fp32_adam] round 048/50: loss=1.6755, acc=0.5917, time=12.4s
[ravdess/w2_fp32_adam] round 049/50: loss=1.6887, acc=0.5917, time=12.1s
[ravdess/w2_fp32_adam] round 050/50: loss=1.6761, acc=0.5833, time=12.7s
completed: results/experiment1_final/ravdess/w2_fp32_adam/seed_42_20260811_135326
[ravdess/cqfl] round 001/50: loss=5.7760, acc=0.2667, time=79.1s
[ravdess/cqfl] round 002/50: loss=2.3261, acc=0.4417, time=80.8s
[ravdess/cqfl] round 003/50: loss=1.7173, acc=0.4944, time=77.2s
[ravdess/cqfl] round 004/50: loss=1.6409, acc=0.5083, time=80.4s
[ravdess/cqfl] round 005/50: loss=1.7154, acc=0.5000, time=81.0s
[ravdess/cqfl] round 006/50: loss=1.5480, acc=0.5083, time=76.6s
[ravdess/cqfl] round 007/50: loss=1.4726, acc=0.5611, time=73.9s
[ravdess/cqfl] round 008/50: loss=1.6360, acc=0.5528, time=74.7s
[ravdess/cqfl] round 009/50: loss=1.5558, acc=0.5361, time=77.8s
[ravdess/cqfl] round 010/50: loss=1.6482, acc=0.5778, time=76.8s
[ravdess/cqfl] round 011/50: loss=1.7233, acc=0.5694, time=76.6s
[ravdess/cqfl] round 012/50: loss=1.4354, acc=0.5861, time=74.9s
[ravdess/cqfl] round 013/50: loss=1.6550, acc=0.5639, time=72.5s
[ravdess/cqfl] round 014/50: loss=1.5855, acc=0.5444, time=72.1s
[ravdess/cqfl] round 015/50: loss=1.5439, acc=0.5722, time=79.5s
[ravdess/cqfl] round 016/50: loss=1.5490, acc=0.5611, time=74.6s
[ravdess/cqfl] round 017/50: loss=1.5190, acc=0.5778, time=75.9s
[ravdess/cqfl] round 018/50: loss=1.5817, acc=0.5639, time=73.6s
[ravdess/cqfl] round 019/50: loss=1.5482, acc=0.5639, time=73.4s
[ravdess/cqfl] round 020/50: loss=1.5217, acc=0.5694, time=73.8s
[ravdess/cqfl] round 021/50: loss=1.5371, acc=0.5667, time=74.1s
[ravdess/cqfl] round 022/50: loss=1.5739, acc=0.5667, time=75.9s
[ravdess/cqfl] round 023/50: loss=1.5913, acc=0.5500, time=73.3s
[ravdess/cqfl] round 024/50: loss=1.5757, acc=0.5778, time=70.7s
[ravdess/cqfl] round 025/50: loss=1.6234, acc=0.5611, time=73.5s
[ravdess/cqfl] round 026/50: loss=1.5636, acc=0.5833, time=73.6s
[ravdess/cqfl] round 027/50: loss=1.5883, acc=0.5889, time=74.8s
[ravdess/cqfl] round 028/50: loss=1.6851, acc=0.5722, time=76.0s
[ravdess/cqfl] round 029/50: loss=1.6218, acc=0.5833, time=74.5s
[ravdess/cqfl] round 030/50: loss=1.6161, acc=0.5833, time=74.9s
[ravdess/cqfl] round 031/50: loss=1.6165, acc=0.5917, time=76.2s
[ravdess/cqfl] round 032/50: loss=1.6283, acc=0.5944, time=74.2s
[ravdess/cqfl] round 033/50: loss=1.6344, acc=0.5944, time=71.6s
[ravdess/cqfl] round 034/50: loss=1.6572, acc=0.5861, time=72.8s
[ravdess/cqfl] round 035/50: loss=1.6283, acc=0.6000, time=71.1s
[ravdess/cqfl] round 036/50: loss=1.6322, acc=0.5833, time=75.8s
[ravdess/cqfl] round 037/50: loss=1.6616, acc=0.5806, time=74.4s
[ravdess/cqfl] round 038/50: loss=1.6509, acc=0.5833, time=73.7s
[ravdess/cqfl] round 039/50: loss=1.6457, acc=0.5861, time=74.2s
[ravdess/cqfl] round 040/50: loss=1.6362, acc=0.5917, time=74.4s
[ravdess/cqfl] round 041/50: loss=1.6719, acc=0.5861, time=69.8s
[ravdess/cqfl] round 042/50: loss=1.6851, acc=0.5917, time=71.8s
[ravdess/cqfl] round 043/50: loss=1.6650, acc=0.5917, time=73.0s
[ravdess/cqfl] round 044/50: loss=1.6676, acc=0.5833, time=72.4s
[ravdess/cqfl] round 045/50: loss=1.6690, acc=0.5917, time=76.6s
[ravdess/cqfl] round 046/50: loss=1.6813, acc=0.5861, time=73.9s
[ravdess/cqfl] round 047/50: loss=1.6839, acc=0.5889, time=79.9s
[ravdess/cqfl] round 048/50: loss=1.6866, acc=0.5917, time=79.5s
[ravdess/cqfl] round 049/50: loss=1.7013, acc=0.5889, time=76.2s
[ravdess/cqfl] round 050/50: loss=1.6938, acc=0.5917, time=77.5s
completed: results/experiment1_final/ravdess/cqfl/seed_42_20260811_140403
