nohup: ignoring input
[mnist/fedavg_fp32] round 001/50: loss=2.2821, acc=0.1734, time=38.4s
[mnist/fedavg_fp32] round 002/50: loss=2.2508, acc=0.1417, time=37.0s
[mnist/fedavg_fp32] round 003/50: loss=2.1895, acc=0.1561, time=33.2s
[mnist/fedavg_fp32] round 004/50: loss=2.1065, acc=0.1673, time=32.5s
[mnist/fedavg_fp32] round 005/50: loss=1.9455, acc=0.2883, time=33.7s
[mnist/fedavg_fp32] round 006/50: loss=1.7865, acc=0.3203, time=33.4s
[mnist/fedavg_fp32] round 007/50: loss=1.5327, acc=0.5894, time=32.4s
[mnist/fedavg_fp32] round 008/50: loss=1.3628, acc=0.5573, time=33.8s
[mnist/fedavg_fp32] round 009/50: loss=1.0905, acc=0.7651, time=33.8s
[mnist/fedavg_fp32] round 010/50: loss=0.9716, acc=0.7173, time=32.5s
[mnist/fedavg_fp32] round 011/50: loss=0.7492, acc=0.8159, time=33.9s
[mnist/fedavg_fp32] round 012/50: loss=0.6691, acc=0.7998, time=33.9s
[mnist/fedavg_fp32] round 013/50: loss=0.5389, acc=0.8503, time=33.1s
[mnist/fedavg_fp32] round 014/50: loss=0.4926, acc=0.8469, time=33.8s
[mnist/fedavg_fp32] round 015/50: loss=0.4060, acc=0.8840, time=33.9s
[mnist/fedavg_fp32] round 016/50: loss=0.3716, acc=0.8867, time=33.3s
[mnist/fedavg_fp32] round 017/50: loss=0.3488, acc=0.8941, time=33.7s
[mnist/fedavg_fp32] round 018/50: loss=0.3098, acc=0.9070, time=34.4s
[mnist/fedavg_fp32] round 019/50: loss=0.3044, acc=0.9083, time=33.3s
[mnist/fedavg_fp32] round 020/50: loss=0.2644, acc=0.9211, time=33.1s
[mnist/fedavg_fp32] round 021/50: loss=0.2677, acc=0.9215, time=33.4s
[mnist/fedavg_fp32] round 022/50: loss=0.2306, acc=0.9346, time=33.5s
[mnist/fedavg_fp32] round 023/50: loss=0.2405, acc=0.9296, time=33.3s
[mnist/fedavg_fp32] round 024/50: loss=0.2150, acc=0.9384, time=33.9s
[mnist/fedavg_fp32] round 025/50: loss=0.2319, acc=0.9320, time=33.4s
[mnist/fedavg_fp32] round 026/50: loss=0.2006, acc=0.9425, time=33.0s
[mnist/fedavg_fp32] round 027/50: loss=0.2164, acc=0.9377, time=33.8s
[mnist/fedavg_fp32] round 028/50: loss=0.1907, acc=0.9455, time=33.5s
[mnist/fedavg_fp32] round 029/50: loss=0.2113, acc=0.9382, time=32.7s
[mnist/fedavg_fp32] round 030/50: loss=0.1809, acc=0.9484, time=34.0s
[mnist/fedavg_fp32] round 031/50: loss=0.2061, acc=0.9391, time=33.9s
[mnist/fedavg_fp32] round 032/50: loss=0.1756, acc=0.9501, time=32.7s
[mnist/fedavg_fp32] round 033/50: loss=0.2051, acc=0.9401, time=34.0s
[mnist/fedavg_fp32] round 034/50: loss=0.1730, acc=0.9506, time=34.0s
[mnist/fedavg_fp32] round 035/50: loss=0.2145, acc=0.9361, time=32.9s
[mnist/fedavg_fp32] round 036/50: loss=0.1719, acc=0.9492, time=34.2s
[mnist/fedavg_fp32] round 037/50: loss=0.2130, acc=0.9366, time=34.0s
[mnist/fedavg_fp32] round 038/50: loss=0.1752, acc=0.9484, time=32.9s
[mnist/fedavg_fp32] round 039/50: loss=0.2310, acc=0.9254, time=33.6s
[mnist/fedavg_fp32] round 040/50: loss=0.1806, acc=0.9455, time=34.0s
[mnist/fedavg_fp32] round 041/50: loss=0.2386, acc=0.9229, time=33.2s
[mnist/fedavg_fp32] round 042/50: loss=0.1819, acc=0.9431, time=33.4s
[mnist/fedavg_fp32] round 043/50: loss=0.2518, acc=0.9167, time=34.0s
[mnist/fedavg_fp32] round 044/50: loss=0.1797, acc=0.9439, time=33.4s
[mnist/fedavg_fp32] round 045/50: loss=0.2230, acc=0.9304, time=33.3s
[mnist/fedavg_fp32] round 046/50: loss=0.1564, acc=0.9533, time=33.9s
[mnist/fedavg_fp32] round 047/50: loss=0.1891, acc=0.9412, time=33.8s
[mnist/fedavg_fp32] round 048/50: loss=0.1384, acc=0.9589, time=32.7s
[mnist/fedavg_fp32] round 049/50: loss=0.1746, acc=0.9468, time=33.7s
[mnist/fedavg_fp32] round 050/50: loss=0.1308, acc=0.9615, time=33.7s
completed: results/experiment1_five_v1_final/mnist/fedavg_fp32/seed_42_20260812_231408
[mnist/fedavg_fp32] round 001/50: loss=2.2738, acc=0.1917, time=33.5s
[mnist/fedavg_fp32] round 002/50: loss=2.2447, acc=0.2284, time=33.6s
[mnist/fedavg_fp32] round 003/50: loss=2.1991, acc=0.2351, time=33.7s
[mnist/fedavg_fp32] round 004/50: loss=2.1185, acc=0.2660, time=32.5s
[mnist/fedavg_fp32] round 005/50: loss=1.9786, acc=0.3065, time=32.8s
[mnist/fedavg_fp32] round 006/50: loss=1.7747, acc=0.4033, time=33.4s
[mnist/fedavg_fp32] round 007/50: loss=1.5202, acc=0.5038, time=33.2s
[mnist/fedavg_fp32] round 008/50: loss=1.2185, acc=0.6599, time=32.7s
[mnist/fedavg_fp32] round 009/50: loss=0.9879, acc=0.7356, time=33.8s
[mnist/fedavg_fp32] round 010/50: loss=0.7497, acc=0.8052, time=33.8s
[mnist/fedavg_fp32] round 011/50: loss=0.6442, acc=0.8276, time=32.5s
[mnist/fedavg_fp32] round 012/50: loss=0.5070, acc=0.8593, time=33.4s
[mnist/fedavg_fp32] round 013/50: loss=0.4664, acc=0.8686, time=33.6s
[mnist/fedavg_fp32] round 014/50: loss=0.3958, acc=0.8875, time=33.2s
[mnist/fedavg_fp32] round 015/50: loss=0.3838, acc=0.8911, time=32.9s
[mnist/fedavg_fp32] round 016/50: loss=0.3417, acc=0.9009, time=33.4s
[mnist/fedavg_fp32] round 017/50: loss=0.3270, acc=0.9075, time=33.1s
[mnist/fedavg_fp32] round 018/50: loss=0.2983, acc=0.9127, time=33.4s
[mnist/fedavg_fp32] round 019/50: loss=0.2995, acc=0.9131, time=33.4s
[mnist/fedavg_fp32] round 020/50: loss=0.2738, acc=0.9213, time=32.6s
[mnist/fedavg_fp32] round 021/50: loss=0.2791, acc=0.9187, time=33.1s
[mnist/fedavg_fp32] round 022/50: loss=0.2511, acc=0.9270, time=33.4s
[mnist/fedavg_fp32] round 023/50: loss=0.2896, acc=0.9135, time=32.5s
[mnist/fedavg_fp32] round 024/50: loss=0.2443, acc=0.9284, time=32.6s
[mnist/fedavg_fp32] round 025/50: loss=0.2988, acc=0.9084, time=34.0s
[mnist/fedavg_fp32] round 026/50: loss=0.2382, acc=0.9272, time=33.5s
[mnist/fedavg_fp32] round 027/50: loss=0.2971, acc=0.9073, time=32.2s
[mnist/fedavg_fp32] round 028/50: loss=0.2698, acc=0.9120, time=33.6s
[mnist/fedavg_fp32] round 029/50: loss=0.3634, acc=0.8801, time=33.7s
[mnist/fedavg_fp32] round 030/50: loss=0.2927, acc=0.8996, time=32.7s
[mnist/fedavg_fp32] round 031/50: loss=0.3385, acc=0.8864, time=33.3s
[mnist/fedavg_fp32] round 032/50: loss=0.2611, acc=0.9112, time=34.0s
[mnist/fedavg_fp32] round 033/50: loss=0.3052, acc=0.8972, time=33.1s
[mnist/fedavg_fp32] round 034/50: loss=0.2199, acc=0.9280, time=32.6s
[mnist/fedavg_fp32] round 035/50: loss=0.2913, acc=0.9025, time=33.9s
[mnist/fedavg_fp32] round 036/50: loss=0.1928, acc=0.9406, time=33.6s
[mnist/fedavg_fp32] round 037/50: loss=0.2315, acc=0.9252, time=32.2s
[mnist/fedavg_fp32] round 038/50: loss=0.1683, acc=0.9507, time=33.4s
[mnist/fedavg_fp32] round 039/50: loss=0.2064, acc=0.9354, time=33.8s
[mnist/fedavg_fp32] round 040/50: loss=0.1512, acc=0.9574, time=32.7s
[mnist/fedavg_fp32] round 041/50: loss=0.1932, acc=0.9409, time=33.0s
[mnist/fedavg_fp32] round 042/50: loss=0.1442, acc=0.9578, time=33.8s
[mnist/fedavg_fp32] round 043/50: loss=0.1715, acc=0.9473, time=33.0s
[mnist/fedavg_fp32] round 044/50: loss=0.1415, acc=0.9590, time=32.8s
[mnist/fedavg_fp32] round 045/50: loss=0.1582, acc=0.9514, time=33.3s
[mnist/fedavg_fp32] round 046/50: loss=0.1373, acc=0.9606, time=33.3s
[mnist/fedavg_fp32] round 047/50: loss=0.1610, acc=0.9516, time=33.5s
[mnist/fedavg_fp32] round 048/50: loss=0.1327, acc=0.9619, time=33.8s
[mnist/fedavg_fp32] round 049/50: loss=0.1497, acc=0.9548, time=33.4s
[mnist/fedavg_fp32] round 050/50: loss=0.1299, acc=0.9626, time=33.0s
completed: results/experiment1_five_v1_final/mnist/fedavg_fp32/seed_123_20260812_234218
[mnist/fedavg_fp32] round 001/50: loss=2.2522, acc=0.2487, time=35.2s
[mnist/fedavg_fp32] round 002/50: loss=2.2015, acc=0.2978, time=33.8s
[mnist/fedavg_fp32] round 003/50: loss=2.1331, acc=0.3225, time=33.4s
[mnist/fedavg_fp32] round 004/50: loss=2.0168, acc=0.4509, time=33.8s
[mnist/fedavg_fp32] round 005/50: loss=1.8544, acc=0.5392, time=33.7s
[mnist/fedavg_fp32] round 006/50: loss=1.6249, acc=0.6689, time=33.1s
[mnist/fedavg_fp32] round 007/50: loss=1.3790, acc=0.7052, time=33.9s
[mnist/fedavg_fp32] round 008/50: loss=1.1074, acc=0.7723, time=33.4s
[mnist/fedavg_fp32] round 009/50: loss=0.9134, acc=0.7678, time=32.8s
[mnist/fedavg_fp32] round 010/50: loss=0.7284, acc=0.8270, time=33.7s
[mnist/fedavg_fp32] round 011/50: loss=0.6360, acc=0.8087, time=33.8s
[mnist/fedavg_fp32] round 012/50: loss=0.4982, acc=0.8697, time=32.9s
[mnist/fedavg_fp32] round 013/50: loss=0.4559, acc=0.8584, time=33.9s
[mnist/fedavg_fp32] round 014/50: loss=0.3524, acc=0.9072, time=34.1s
[mnist/fedavg_fp32] round 015/50: loss=0.3533, acc=0.8874, time=33.3s
[mnist/fedavg_fp32] round 016/50: loss=0.2811, acc=0.9255, time=34.1s
[mnist/fedavg_fp32] round 017/50: loss=0.3034, acc=0.9036, time=33.5s
[mnist/fedavg_fp32] round 018/50: loss=0.2514, acc=0.9310, time=32.7s
[mnist/fedavg_fp32] round 019/50: loss=0.2755, acc=0.9132, time=32.7s
[mnist/fedavg_fp32] round 020/50: loss=0.2259, acc=0.9396, time=33.6s
[mnist/fedavg_fp32] round 021/50: loss=0.2660, acc=0.9150, time=33.0s
[mnist/fedavg_fp32] round 022/50: loss=0.2112, acc=0.9433, time=32.2s
[mnist/fedavg_fp32] round 023/50: loss=0.2537, acc=0.9189, time=33.3s
[mnist/fedavg_fp32] round 024/50: loss=0.2085, acc=0.9420, time=33.6s
[mnist/fedavg_fp32] round 025/50: loss=0.2372, acc=0.9240, time=31.7s
[mnist/fedavg_fp32] round 026/50: loss=0.1983, acc=0.9440, time=33.2s
[mnist/fedavg_fp32] round 027/50: loss=0.2620, acc=0.9144, time=33.6s
[mnist/fedavg_fp32] round 028/50: loss=0.2004, acc=0.9405, time=32.7s
[mnist/fedavg_fp32] round 029/50: loss=0.2611, acc=0.9143, time=33.5s
[mnist/fedavg_fp32] round 030/50: loss=0.1865, acc=0.9463, time=33.5s
[mnist/fedavg_fp32] round 031/50: loss=0.2376, acc=0.9228, time=32.9s
[mnist/fedavg_fp32] round 032/50: loss=0.1659, acc=0.9528, time=33.4s
[mnist/fedavg_fp32] round 033/50: loss=0.2056, acc=0.9371, time=33.6s
[mnist/fedavg_fp32] round 034/50: loss=0.1625, acc=0.9545, time=32.5s
[mnist/fedavg_fp32] round 035/50: loss=0.1926, acc=0.9420, time=32.9s
[mnist/fedavg_fp32] round 036/50: loss=0.1517, acc=0.9582, time=33.6s
[mnist/fedavg_fp32] round 037/50: loss=0.1846, acc=0.9445, time=33.0s
[mnist/fedavg_fp32] round 038/50: loss=0.1443, acc=0.9598, time=34.3s
[mnist/fedavg_fp32] round 039/50: loss=0.1696, acc=0.9487, time=34.8s
[mnist/fedavg_fp32] round 040/50: loss=0.1380, acc=0.9611, time=33.2s
[mnist/fedavg_fp32] round 041/50: loss=0.1651, acc=0.9494, time=32.9s
[mnist/fedavg_fp32] round 042/50: loss=0.1300, acc=0.9625, time=33.5s
[mnist/fedavg_fp32] round 043/50: loss=0.1675, acc=0.9503, time=33.2s
[mnist/fedavg_fp32] round 044/50: loss=0.1312, acc=0.9613, time=32.7s
[mnist/fedavg_fp32] round 045/50: loss=0.1773, acc=0.9441, time=33.9s
[mnist/fedavg_fp32] round 046/50: loss=0.1305, acc=0.9606, time=33.4s
[mnist/fedavg_fp32] round 047/50: loss=0.1702, acc=0.9457, time=32.1s
[mnist/fedavg_fp32] round 048/50: loss=0.1221, acc=0.9641, time=33.7s
[mnist/fedavg_fp32] round 049/50: loss=0.1536, acc=0.9533, time=33.7s
[mnist/fedavg_fp32] round 050/50: loss=0.1200, acc=0.9646, time=32.3s
completed: results/experiment1_five_v1_final/mnist/fedavg_fp32/seed_2024_20260813_001007
[mnist/bitfl] round 001/50: loss=2.2991, acc=0.1391, time=34.1s
[mnist/bitfl] round 002/50: loss=2.2812, acc=0.1473, time=33.0s
[mnist/bitfl] round 003/50: loss=2.2232, acc=0.1490, time=32.2s
[mnist/bitfl] round 004/50: loss=2.1206, acc=0.1625, time=32.1s
[mnist/bitfl] round 005/50: loss=1.9917, acc=0.1804, time=32.6s
[mnist/bitfl] round 006/50: loss=1.7890, acc=0.3588, time=36.7s
[mnist/bitfl] round 007/50: loss=1.6195, acc=0.4359, time=36.2s
[mnist/bitfl] round 008/50: loss=1.3895, acc=0.5590, time=34.1s
[mnist/bitfl] round 009/50: loss=1.1737, acc=0.6679, time=31.9s
[mnist/bitfl] round 010/50: loss=0.9169, acc=0.7562, time=31.6s
[mnist/bitfl] round 011/50: loss=0.7867, acc=0.7760, time=31.6s
[mnist/bitfl] round 012/50: loss=0.7430, acc=0.7788, time=32.3s
[mnist/bitfl] round 013/50: loss=0.5982, acc=0.8275, time=31.7s
[mnist/bitfl] round 014/50: loss=0.5184, acc=0.8502, time=31.5s
[mnist/bitfl] round 015/50: loss=0.4575, acc=0.8637, time=31.8s
[mnist/bitfl] round 016/50: loss=0.4167, acc=0.8749, time=31.8s
[mnist/bitfl] round 017/50: loss=0.3855, acc=0.8818, time=31.4s
[mnist/bitfl] round 018/50: loss=0.3927, acc=0.8747, time=31.4s
[mnist/bitfl] round 019/50: loss=0.3731, acc=0.8840, time=33.1s
[mnist/bitfl] round 020/50: loss=0.3399, acc=0.8957, time=31.9s
[mnist/bitfl] round 021/50: loss=0.3050, acc=0.9052, time=31.8s
[mnist/bitfl] round 022/50: loss=0.3115, acc=0.9017, time=32.0s
[mnist/bitfl] round 023/50: loss=0.2732, acc=0.9157, time=32.3s
[mnist/bitfl] round 024/50: loss=0.2740, acc=0.9124, time=31.7s
[mnist/bitfl] round 025/50: loss=0.3031, acc=0.9015, time=31.4s
[mnist/bitfl] round 026/50: loss=0.2634, acc=0.9187, time=31.8s
[mnist/bitfl] round 027/50: loss=0.2488, acc=0.9249, time=32.0s
[mnist/bitfl] round 028/50: loss=0.2592, acc=0.9210, time=31.7s
[mnist/bitfl] round 029/50: loss=0.2398, acc=0.9256, time=31.9s
[mnist/bitfl] round 030/50: loss=0.2673, acc=0.9171, time=32.4s
[mnist/bitfl] round 031/50: loss=0.2168, acc=0.9356, time=32.0s
[mnist/bitfl] round 032/50: loss=0.2241, acc=0.9317, time=31.7s
[mnist/bitfl] round 033/50: loss=0.2196, acc=0.9301, time=32.0s
[mnist/bitfl] round 034/50: loss=0.2222, acc=0.9297, time=32.3s
[mnist/bitfl] round 035/50: loss=0.2000, acc=0.9405, time=31.9s
[mnist/bitfl] round 036/50: loss=0.1951, acc=0.9399, time=31.8s
[mnist/bitfl] round 037/50: loss=0.2005, acc=0.9371, time=32.1s
[mnist/bitfl] round 038/50: loss=0.2243, acc=0.9287, time=32.4s
[mnist/bitfl] round 039/50: loss=0.2208, acc=0.9298, time=31.8s
[mnist/bitfl] round 040/50: loss=0.1870, acc=0.9406, time=31.9s
[mnist/bitfl] round 041/50: loss=0.1881, acc=0.9427, time=32.5s
[mnist/bitfl] round 042/50: loss=0.1957, acc=0.9416, time=31.6s
[mnist/bitfl] round 043/50: loss=0.1922, acc=0.9434, time=31.4s
[mnist/bitfl] round 044/50: loss=0.1906, acc=0.9392, time=31.9s
[mnist/bitfl] round 045/50: loss=0.1761, acc=0.9470, time=32.2s
[mnist/bitfl] round 046/50: loss=0.1936, acc=0.9406, time=31.8s
[mnist/bitfl] round 047/50: loss=0.1806, acc=0.9469, time=31.8s
[mnist/bitfl] round 048/50: loss=0.1807, acc=0.9458, time=32.2s
[mnist/bitfl] round 049/50: loss=0.1894, acc=0.9427, time=32.1s
[mnist/bitfl] round 050/50: loss=0.1727, acc=0.9512, time=32.0s
completed: results/experiment1_five_v1_final/mnist/bitfl/seed_42_20260813_003801
[mnist/bitfl] round 001/50: loss=2.2899, acc=0.1433, time=33.1s
[mnist/bitfl] round 002/50: loss=2.2597, acc=0.1860, time=32.1s
[mnist/bitfl] round 003/50: loss=2.1973, acc=0.2154, time=31.8s
[mnist/bitfl] round 004/50: loss=2.0804, acc=0.2695, time=31.8s
[mnist/bitfl] round 005/50: loss=1.9331, acc=0.3002, time=32.4s
[mnist/bitfl] round 006/50: loss=1.6897, acc=0.4289, time=32.3s
[mnist/bitfl] round 007/50: loss=1.4416, acc=0.5309, time=32.0s
[mnist/bitfl] round 008/50: loss=1.1658, acc=0.6490, time=31.8s
[mnist/bitfl] round 009/50: loss=0.8979, acc=0.7605, time=32.5s
[mnist/bitfl] round 010/50: loss=0.7000, acc=0.8171, time=31.7s
[mnist/bitfl] round 011/50: loss=0.6461, acc=0.8122, time=31.8s
[mnist/bitfl] round 012/50: loss=0.6091, acc=0.8070, time=32.1s
[mnist/bitfl] round 013/50: loss=0.4547, acc=0.8649, time=32.4s
[mnist/bitfl] round 014/50: loss=0.4630, acc=0.8514, time=32.0s
[mnist/bitfl] round 015/50: loss=0.4112, acc=0.8682, time=31.9s
[mnist/bitfl] round 016/50: loss=0.4140, acc=0.8617, time=32.5s
[mnist/bitfl] round 017/50: loss=0.3797, acc=0.8744, time=32.2s
[mnist/bitfl] round 018/50: loss=0.3471, acc=0.8853, time=32.2s
[mnist/bitfl] round 019/50: loss=0.3567, acc=0.8825, time=32.3s
[mnist/bitfl] round 020/50: loss=0.3839, acc=0.8724, time=32.7s
[mnist/bitfl] round 021/50: loss=0.3241, acc=0.8937, time=32.2s
[mnist/bitfl] round 022/50: loss=0.2842, acc=0.9101, time=32.2s
[mnist/bitfl] round 023/50: loss=0.2819, acc=0.9119, time=32.2s
[mnist/bitfl] round 024/50: loss=0.3023, acc=0.9055, time=31.8s
[mnist/bitfl] round 025/50: loss=0.3418, acc=0.8873, time=32.2s
[mnist/bitfl] round 026/50: loss=0.2998, acc=0.9076, time=32.3s
[mnist/bitfl] round 027/50: loss=0.2552, acc=0.9207, time=32.8s
[mnist/bitfl] round 028/50: loss=0.2887, acc=0.9021, time=32.4s
[mnist/bitfl] round 029/50: loss=0.2965, acc=0.9017, time=32.4s
[mnist/bitfl] round 030/50: loss=0.2729, acc=0.9151, time=32.5s
[mnist/bitfl] round 031/50: loss=0.2751, acc=0.9130, time=32.5s
[mnist/bitfl] round 032/50: loss=0.2799, acc=0.9121, time=32.1s
[mnist/bitfl] round 033/50: loss=0.2974, acc=0.9062, time=32.2s
[mnist/bitfl] round 034/50: loss=0.2782, acc=0.9123, time=32.6s
[mnist/bitfl] round 035/50: loss=0.2181, acc=0.9316, time=32.2s
[mnist/bitfl] round 036/50: loss=0.3147, acc=0.8963, time=31.7s
[mnist/bitfl] round 037/50: loss=0.2261, acc=0.9296, time=31.9s
[mnist/bitfl] round 038/50: loss=0.2462, acc=0.9197, time=32.3s
[mnist/bitfl] round 039/50: loss=0.2277, acc=0.9286, time=31.5s
[mnist/bitfl] round 040/50: loss=0.2469, acc=0.9195, time=31.6s
[mnist/bitfl] round 041/50: loss=0.2729, acc=0.9107, time=32.1s
[mnist/bitfl] round 042/50: loss=0.3208, acc=0.8955, time=32.1s
[mnist/bitfl] round 043/50: loss=0.3294, acc=0.8910, time=32.0s
[mnist/bitfl] round 044/50: loss=0.2277, acc=0.9293, time=32.0s
[mnist/bitfl] round 045/50: loss=0.2205, acc=0.9345, time=32.7s
[mnist/bitfl] round 046/50: loss=0.3190, acc=0.8936, time=31.8s
[mnist/bitfl] round 047/50: loss=0.2288, acc=0.9273, time=31.9s
[mnist/bitfl] round 048/50: loss=0.2109, acc=0.9339, time=32.4s
[mnist/bitfl] round 049/50: loss=0.2444, acc=0.9224, time=32.4s
[mnist/bitfl] round 050/50: loss=0.2546, acc=0.9209, time=31.7s
completed: results/experiment1_five_v1_final/mnist/bitfl/seed_123_20260813_010459
[mnist/bitfl] round 001/50: loss=2.2656, acc=0.1477, time=33.4s
[mnist/bitfl] round 002/50: loss=2.2038, acc=0.2814, time=32.4s
[mnist/bitfl] round 003/50: loss=2.1263, acc=0.2898, time=31.9s
[mnist/bitfl] round 004/50: loss=1.9961, acc=0.3739, time=33.9s
[mnist/bitfl] round 005/50: loss=1.8069, acc=0.5197, time=33.5s
[mnist/bitfl] round 006/50: loss=1.6676, acc=0.5140, time=32.2s
[mnist/bitfl] round 007/50: loss=1.4223, acc=0.6516, time=32.0s
[mnist/bitfl] round 008/50: loss=1.1383, acc=0.7149, time=32.2s
[mnist/bitfl] round 009/50: loss=0.9157, acc=0.7241, time=32.9s
[mnist/bitfl] round 010/50: loss=0.7625, acc=0.7717, time=32.0s
[mnist/bitfl] round 011/50: loss=0.5907, acc=0.8336, time=32.0s
[mnist/bitfl] round 012/50: loss=0.5424, acc=0.8316, time=32.3s
[mnist/bitfl] round 013/50: loss=0.5287, acc=0.8255, time=32.3s
[mnist/bitfl] round 014/50: loss=0.4747, acc=0.8526, time=31.8s
[mnist/bitfl] round 015/50: loss=0.4659, acc=0.8576, time=31.8s
[mnist/bitfl] round 016/50: loss=0.4224, acc=0.8629, time=32.1s
[mnist/bitfl] round 017/50: loss=0.3821, acc=0.8798, time=32.1s
[mnist/bitfl] round 018/50: loss=0.3799, acc=0.8797, time=33.5s
[mnist/bitfl] round 019/50: loss=0.3681, acc=0.8837, time=32.5s
[mnist/bitfl] round 020/50: loss=0.5068, acc=0.8291, time=32.5s
[mnist/bitfl] round 021/50: loss=0.3927, acc=0.8746, time=31.9s
[mnist/bitfl] round 022/50: loss=0.3450, acc=0.8845, time=31.9s
[mnist/bitfl] round 023/50: loss=0.3277, acc=0.8937, time=32.5s
[mnist/bitfl] round 024/50: loss=0.3326, acc=0.8888, time=35.5s
[mnist/bitfl] round 025/50: loss=0.3000, acc=0.8993, time=33.6s
[mnist/bitfl] round 026/50: loss=0.2790, acc=0.9086, time=32.4s
[mnist/bitfl] round 027/50: loss=0.2789, acc=0.9070, time=34.5s
[mnist/bitfl] round 028/50: loss=0.2450, acc=0.9220, time=33.4s
[mnist/bitfl] round 029/50: loss=0.2229, acc=0.9334, time=34.9s
[mnist/bitfl] round 030/50: loss=0.2284, acc=0.9286, time=36.9s
[mnist/bitfl] round 031/50: loss=0.2901, acc=0.9014, time=36.4s
[mnist/bitfl] round 032/50: loss=0.2688, acc=0.9117, time=35.8s
[mnist/bitfl] round 033/50: loss=0.2547, acc=0.9168, time=32.3s
[mnist/bitfl] round 034/50: loss=0.2167, acc=0.9328, time=32.2s
[mnist/bitfl] round 035/50: loss=0.2655, acc=0.9138, time=32.0s
[mnist/bitfl] round 036/50: loss=0.2391, acc=0.9206, time=32.3s
[mnist/bitfl] round 037/50: loss=0.2477, acc=0.9179, time=32.8s
[mnist/bitfl] round 038/50: loss=0.2197, acc=0.9279, time=34.7s
[mnist/bitfl] round 039/50: loss=0.1880, acc=0.9424, time=36.3s
[mnist/bitfl] round 040/50: loss=0.2469, acc=0.9172, time=35.2s
[mnist/bitfl] round 041/50: loss=0.2192, acc=0.9249, time=34.7s
[mnist/bitfl] round 042/50: loss=0.2238, acc=0.9232, time=34.2s
[mnist/bitfl] round 043/50: loss=0.2711, acc=0.9072, time=34.7s
[mnist/bitfl] round 044/50: loss=0.1719, acc=0.9456, time=37.0s
[mnist/bitfl] round 045/50: loss=0.1932, acc=0.9400, time=35.0s
[mnist/bitfl] round 046/50: loss=0.1907, acc=0.9386, time=32.8s
[mnist/bitfl] round 047/50: loss=0.1760, acc=0.9474, time=33.0s
[mnist/bitfl] round 048/50: loss=0.1699, acc=0.9478, time=32.6s
[mnist/bitfl] round 049/50: loss=0.2220, acc=0.9279, time=33.0s
[mnist/bitfl] round 050/50: loss=0.2189, acc=0.9276, time=36.9s
completed: results/experiment1_five_v1_final/mnist/bitfl/seed_2024_20260813_013154
[mnist/signsgd] round 001/50: loss=2.3095, acc=0.1451, time=26.9s
[mnist/signsgd] round 002/50: loss=2.3177, acc=0.1310, time=26.5s
[mnist/signsgd] round 003/50: loss=2.3214, acc=0.1420, time=25.7s
[mnist/signsgd] round 004/50: loss=2.3155, acc=0.1594, time=25.8s
[mnist/signsgd] round 005/50: loss=2.2951, acc=0.1775, time=25.5s
[mnist/signsgd] round 006/50: loss=2.2588, acc=0.1986, time=25.5s
[mnist/signsgd] round 007/50: loss=2.2085, acc=0.2206, time=25.2s
[mnist/signsgd] round 008/50: loss=2.1453, acc=0.2481, time=25.0s
[mnist/signsgd] round 009/50: loss=2.0708, acc=0.2748, time=25.1s
[mnist/signsgd] round 010/50: loss=1.9868, acc=0.3029, time=25.1s
[mnist/signsgd] round 011/50: loss=1.8986, acc=0.3396, time=24.7s
[mnist/signsgd] round 012/50: loss=1.8101, acc=0.3750, time=24.7s
[mnist/signsgd] round 013/50: loss=1.7274, acc=0.4081, time=25.2s
[mnist/signsgd] round 014/50: loss=1.6541, acc=0.4399, time=25.0s
[mnist/signsgd] round 015/50: loss=1.5943, acc=0.4630, time=25.3s
[mnist/signsgd] round 016/50: loss=1.5443, acc=0.4812, time=25.3s
[mnist/signsgd] round 017/50: loss=1.5026, acc=0.4936, time=25.3s
[mnist/signsgd] round 018/50: loss=1.4669, acc=0.5061, time=25.2s
[mnist/signsgd] round 019/50: loss=1.4354, acc=0.5177, time=25.0s
[mnist/signsgd] round 020/50: loss=1.4071, acc=0.5278, time=25.0s
[mnist/signsgd] round 021/50: loss=1.3800, acc=0.5365, time=24.8s
[mnist/signsgd] round 022/50: loss=1.3551, acc=0.5456, time=24.9s
[mnist/signsgd] round 023/50: loss=1.3317, acc=0.5551, time=25.0s
[mnist/signsgd] round 024/50: loss=1.3088, acc=0.5651, time=25.1s
[mnist/signsgd] round 025/50: loss=1.2900, acc=0.5712, time=25.0s
[mnist/signsgd] round 026/50: loss=1.2711, acc=0.5796, time=24.9s
[mnist/signsgd] round 027/50: loss=1.2524, acc=0.5863, time=25.0s
[mnist/signsgd] round 028/50: loss=1.2345, acc=0.5962, time=25.3s
[mnist/signsgd] round 029/50: loss=1.2181, acc=0.6004, time=25.4s
[mnist/signsgd] round 030/50: loss=1.2030, acc=0.6068, time=25.2s
[mnist/signsgd] round 031/50: loss=1.1877, acc=0.6138, time=25.1s
[mnist/signsgd] round 032/50: loss=1.1734, acc=0.6185, time=25.0s
[mnist/signsgd] round 033/50: loss=1.1585, acc=0.6235, time=25.3s
[mnist/signsgd] round 034/50: loss=1.1454, acc=0.6277, time=25.2s
[mnist/signsgd] round 035/50: loss=1.1315, acc=0.6316, time=24.9s
[mnist/signsgd] round 036/50: loss=1.1194, acc=0.6362, time=24.9s
[mnist/signsgd] round 037/50: loss=1.1066, acc=0.6407, time=25.3s
[mnist/signsgd] round 038/50: loss=1.0944, acc=0.6452, time=25.3s
[mnist/signsgd] round 039/50: loss=1.0831, acc=0.6499, time=24.8s
[mnist/signsgd] round 040/50: loss=1.0710, acc=0.6546, time=24.9s
[mnist/signsgd] round 041/50: loss=1.0602, acc=0.6581, time=24.9s
[mnist/signsgd] round 042/50: loss=1.0490, acc=0.6615, time=25.5s
[mnist/signsgd] round 043/50: loss=1.0388, acc=0.6662, time=25.3s
[mnist/signsgd] round 044/50: loss=1.0282, acc=0.6712, time=25.2s
[mnist/signsgd] round 045/50: loss=1.0180, acc=0.6733, time=25.3s
[mnist/signsgd] round 046/50: loss=1.0082, acc=0.6770, time=25.3s
[mnist/signsgd] round 047/50: loss=0.9989, acc=0.6802, time=25.7s
[mnist/signsgd] round 048/50: loss=0.9893, acc=0.6846, time=25.5s
[mnist/signsgd] round 049/50: loss=0.9814, acc=0.6892, time=25.2s
[mnist/signsgd] round 050/50: loss=0.9718, acc=0.6916, time=25.1s
completed: results/experiment1_five_v1_final/mnist/signsgd/seed_42_20260813_015951
[mnist/signsgd] round 001/50: loss=2.3037, acc=0.1301, time=26.3s
[mnist/signsgd] round 002/50: loss=2.3058, acc=0.1114, time=25.2s
[mnist/signsgd] round 003/50: loss=2.3069, acc=0.1084, time=25.1s
[mnist/signsgd] round 004/50: loss=2.2999, acc=0.1128, time=24.9s
[mnist/signsgd] round 005/50: loss=2.2787, acc=0.1278, time=25.1s
[mnist/signsgd] round 006/50: loss=2.2378, acc=0.1470, time=25.3s
[mnist/signsgd] round 007/50: loss=2.1801, acc=0.1712, time=25.2s
[mnist/signsgd] round 008/50: loss=2.1072, acc=0.2154, time=25.0s
[mnist/signsgd] round 009/50: loss=2.0217, acc=0.2715, time=24.9s
[mnist/signsgd] round 010/50: loss=1.9279, acc=0.3244, time=25.3s
[mnist/signsgd] round 011/50: loss=1.8349, acc=0.3712, time=26.2s
[mnist/signsgd] round 012/50: loss=1.7500, acc=0.4114, time=25.3s
[mnist/signsgd] round 013/50: loss=1.6769, acc=0.4451, time=27.3s
[mnist/signsgd] round 014/50: loss=1.6145, acc=0.4744, time=26.5s
[mnist/signsgd] round 015/50: loss=1.5625, acc=0.4960, time=24.9s
[mnist/signsgd] round 016/50: loss=1.5186, acc=0.5137, time=24.6s
[mnist/signsgd] round 017/50: loss=1.4796, acc=0.5271, time=24.8s
[mnist/signsgd] round 018/50: loss=1.4453, acc=0.5377, time=24.8s
[mnist/signsgd] round 019/50: loss=1.4138, acc=0.5486, time=25.0s
[mnist/signsgd] round 020/50: loss=1.3854, acc=0.5601, time=25.0s
[mnist/signsgd] round 021/50: loss=1.3587, acc=0.5694, time=24.8s
[mnist/signsgd] round 022/50: loss=1.3335, acc=0.5808, time=24.8s
[mnist/signsgd] round 023/50: loss=1.3097, acc=0.5914, time=25.0s
[mnist/signsgd] round 024/50: loss=1.2874, acc=0.6000, time=25.2s
[mnist/signsgd] round 025/50: loss=1.2668, acc=0.6087, time=25.2s
[mnist/signsgd] round 026/50: loss=1.2459, acc=0.6167, time=25.0s
[mnist/signsgd] round 027/50: loss=1.2281, acc=0.6230, time=25.0s
[mnist/signsgd] round 028/50: loss=1.2097, acc=0.6313, time=25.2s
[mnist/signsgd] round 029/50: loss=1.1931, acc=0.6369, time=25.4s
[mnist/signsgd] round 030/50: loss=1.1760, acc=0.6430, time=24.9s
[mnist/signsgd] round 031/50: loss=1.1604, acc=0.6489, time=24.9s
[mnist/signsgd] round 032/50: loss=1.1454, acc=0.6555, time=24.6s
[mnist/signsgd] round 033/50: loss=1.1296, acc=0.6616, time=26.3s
[mnist/signsgd] round 034/50: loss=1.1154, acc=0.6683, time=25.1s
[mnist/signsgd] round 035/50: loss=1.1015, acc=0.6729, time=24.8s
[mnist/signsgd] round 036/50: loss=1.0883, acc=0.6780, time=24.6s
[mnist/signsgd] round 037/50: loss=1.0761, acc=0.6823, time=24.7s
[mnist/signsgd] round 038/50: loss=1.0634, acc=0.6868, time=24.9s
[mnist/signsgd] round 039/50: loss=1.0510, acc=0.6918, time=24.7s
[mnist/signsgd] round 040/50: loss=1.0396, acc=0.6967, time=24.7s
[mnist/signsgd] round 041/50: loss=1.0276, acc=0.7003, time=24.7s
[mnist/signsgd] round 042/50: loss=1.0174, acc=0.7042, time=25.4s
[mnist/signsgd] round 043/50: loss=1.0076, acc=0.7083, time=25.3s
[mnist/signsgd] round 044/50: loss=0.9978, acc=0.7104, time=25.0s
[mnist/signsgd] round 045/50: loss=0.9884, acc=0.7129, time=25.0s
[mnist/signsgd] round 046/50: loss=0.9779, acc=0.7176, time=24.9s
[mnist/signsgd] round 047/50: loss=0.9691, acc=0.7205, time=25.0s
[mnist/signsgd] round 048/50: loss=0.9602, acc=0.7234, time=24.7s
[mnist/signsgd] round 049/50: loss=0.9519, acc=0.7268, time=24.5s
[mnist/signsgd] round 050/50: loss=0.9417, acc=0.7295, time=24.5s
completed: results/experiment1_five_v1_final/mnist/signsgd/seed_123_20260813_022100
[mnist/signsgd] round 001/50: loss=2.2899, acc=0.0888, time=26.3s
[mnist/signsgd] round 002/50: loss=2.2856, acc=0.1398, time=24.9s
[mnist/signsgd] round 003/50: loss=2.2770, acc=0.1534, time=26.3s
[mnist/signsgd] round 004/50: loss=2.2602, acc=0.1611, time=26.4s
[mnist/signsgd] round 005/50: loss=2.2340, acc=0.1597, time=25.4s
[mnist/signsgd] round 006/50: loss=2.1973, acc=0.1596, time=25.3s
[mnist/signsgd] round 007/50: loss=2.1455, acc=0.1872, time=24.9s
[mnist/signsgd] round 008/50: loss=2.0763, acc=0.2353, time=24.8s
[mnist/signsgd] round 009/50: loss=1.9931, acc=0.2847, time=24.6s
[mnist/signsgd] round 010/50: loss=1.9047, acc=0.3308, time=25.0s
[mnist/signsgd] round 011/50: loss=1.8173, acc=0.3728, time=25.0s
[mnist/signsgd] round 012/50: loss=1.7324, acc=0.4081, time=24.6s
[mnist/signsgd] round 013/50: loss=1.6572, acc=0.4388, time=24.8s
[mnist/signsgd] round 014/50: loss=1.5890, acc=0.4647, time=24.9s
[mnist/signsgd] round 015/50: loss=1.5333, acc=0.4835, time=25.2s
[mnist/signsgd] round 016/50: loss=1.4855, acc=0.5015, time=24.9s
[mnist/signsgd] round 017/50: loss=1.4443, acc=0.5192, time=24.8s
[mnist/signsgd] round 018/50: loss=1.4088, acc=0.5350, time=24.8s
[mnist/signsgd] round 019/50: loss=1.3790, acc=0.5464, time=24.9s
[mnist/signsgd] round 020/50: loss=1.3514, acc=0.5591, time=25.2s
[mnist/signsgd] round 021/50: loss=1.3276, acc=0.5691, time=25.2s
[mnist/signsgd] round 022/50: loss=1.3062, acc=0.5787, time=25.0s
[mnist/signsgd] round 023/50: loss=1.2860, acc=0.5884, time=25.1s
[mnist/signsgd] round 024/50: loss=1.2675, acc=0.5945, time=25.5s
[mnist/signsgd] round 025/50: loss=1.2496, acc=0.6006, time=26.3s
[mnist/signsgd] round 026/50: loss=1.2323, acc=0.6091, time=24.6s
[mnist/signsgd] round 027/50: loss=1.2165, acc=0.6158, time=24.6s
[mnist/signsgd] round 028/50: loss=1.2000, acc=0.6208, time=24.8s
[mnist/signsgd] round 029/50: loss=1.1846, acc=0.6282, time=25.1s
[mnist/signsgd] round 030/50: loss=1.1708, acc=0.6336, time=24.8s
[mnist/signsgd] round 031/50: loss=1.1552, acc=0.6402, time=24.8s
[mnist/signsgd] round 032/50: loss=1.1425, acc=0.6452, time=24.8s
[mnist/signsgd] round 033/50: loss=1.1295, acc=0.6505, time=24.8s
[mnist/signsgd] round 034/50: loss=1.1174, acc=0.6564, time=25.1s
[mnist/signsgd] round 035/50: loss=1.1053, acc=0.6613, time=24.8s
[mnist/signsgd] round 036/50: loss=1.0917, acc=0.6675, time=24.7s
[mnist/signsgd] round 037/50: loss=1.0800, acc=0.6731, time=24.7s
[mnist/signsgd] round 038/50: loss=1.0685, acc=0.6775, time=25.1s
[mnist/signsgd] round 039/50: loss=1.0590, acc=0.6807, time=25.0s
[mnist/signsgd] round 040/50: loss=1.0481, acc=0.6842, time=24.8s
[mnist/signsgd] round 041/50: loss=1.0383, acc=0.6891, time=24.8s
[mnist/signsgd] round 042/50: loss=1.0294, acc=0.6917, time=24.9s
[mnist/signsgd] round 043/50: loss=1.0203, acc=0.6945, time=25.0s
[mnist/signsgd] round 044/50: loss=1.0103, acc=0.6981, time=24.9s
[mnist/signsgd] round 045/50: loss=1.0008, acc=0.7027, time=24.7s
[mnist/signsgd] round 046/50: loss=0.9920, acc=0.7064, time=25.0s
[mnist/signsgd] round 047/50: loss=0.9838, acc=0.7100, time=25.0s
[mnist/signsgd] round 048/50: loss=0.9755, acc=0.7128, time=25.3s
[mnist/signsgd] round 049/50: loss=0.9683, acc=0.7166, time=24.8s
[mnist/signsgd] round 050/50: loss=0.9601, acc=0.7196, time=24.8s
completed: results/experiment1_five_v1_final/mnist/signsgd/seed_2024_20260813_024202
[mnist/w2_fp32_adam] round 001/50: loss=2.2464, acc=0.2202, time=41.7s
[mnist/w2_fp32_adam] round 002/50: loss=1.9519, acc=0.3222, time=42.0s
[mnist/w2_fp32_adam] round 003/50: loss=1.7025, acc=0.4295, time=40.8s
[mnist/w2_fp32_adam] round 004/50: loss=1.5092, acc=0.5200, time=41.5s
[mnist/w2_fp32_adam] round 005/50: loss=1.2900, acc=0.6279, time=41.0s
[mnist/w2_fp32_adam] round 006/50: loss=1.1135, acc=0.6947, time=40.7s
[mnist/w2_fp32_adam] round 007/50: loss=0.9469, acc=0.7441, time=41.4s
[mnist/w2_fp32_adam] round 008/50: loss=0.8105, acc=0.7815, time=41.0s
[mnist/w2_fp32_adam] round 009/50: loss=0.7207, acc=0.7959, time=40.9s
[mnist/w2_fp32_adam] round 010/50: loss=0.6219, acc=0.8274, time=41.5s
[mnist/w2_fp32_adam] round 011/50: loss=0.6046, acc=0.8178, time=40.8s
[mnist/w2_fp32_adam] round 012/50: loss=0.5175, acc=0.8537, time=40.5s
[mnist/w2_fp32_adam] round 013/50: loss=0.5439, acc=0.8274, time=40.9s
[mnist/w2_fp32_adam] round 014/50: loss=0.4753, acc=0.8647, time=40.8s
[mnist/w2_fp32_adam] round 015/50: loss=0.5419, acc=0.8192, time=40.8s
[mnist/w2_fp32_adam] round 016/50: loss=0.4546, acc=0.8688, time=40.8s
[mnist/w2_fp32_adam] round 017/50: loss=0.5674, acc=0.8066, time=43.1s
[mnist/w2_fp32_adam] round 018/50: loss=0.4615, acc=0.8571, time=43.9s
[mnist/w2_fp32_adam] round 019/50: loss=0.6200, acc=0.7931, time=40.7s
[mnist/w2_fp32_adam] round 020/50: loss=0.4547, acc=0.8577, time=40.7s
[mnist/w2_fp32_adam] round 021/50: loss=0.6111, acc=0.7934, time=41.2s
[mnist/w2_fp32_adam] round 022/50: loss=0.4357, acc=0.8616, time=40.5s
[mnist/w2_fp32_adam] round 023/50: loss=0.6157, acc=0.7871, time=41.0s
[mnist/w2_fp32_adam] round 024/50: loss=0.4382, acc=0.8590, time=41.4s
[mnist/w2_fp32_adam] round 025/50: loss=0.6349, acc=0.7796, time=40.6s
[mnist/w2_fp32_adam] round 026/50: loss=0.4279, acc=0.8642, time=40.4s
[mnist/w2_fp32_adam] round 027/50: loss=0.5969, acc=0.7903, time=41.1s
[mnist/w2_fp32_adam] round 028/50: loss=0.3870, acc=0.8794, time=40.5s
[mnist/w2_fp32_adam] round 029/50: loss=0.5502, acc=0.8071, time=40.9s
[mnist/w2_fp32_adam] round 030/50: loss=0.3692, acc=0.8871, time=41.1s
[mnist/w2_fp32_adam] round 031/50: loss=0.5047, acc=0.8230, time=40.6s
[mnist/w2_fp32_adam] round 032/50: loss=0.3279, acc=0.9039, time=40.8s
[mnist/w2_fp32_adam] round 033/50: loss=0.4609, acc=0.8409, time=40.8s
[mnist/w2_fp32_adam] round 034/50: loss=0.3024, acc=0.9117, time=41.4s
[mnist/w2_fp32_adam] round 035/50: loss=0.4251, acc=0.8541, time=44.0s
[mnist/w2_fp32_adam] round 036/50: loss=0.2843, acc=0.9173, time=40.8s
[mnist/w2_fp32_adam] round 037/50: loss=0.4157, acc=0.8573, time=40.9s
[mnist/w2_fp32_adam] round 038/50: loss=0.2901, acc=0.9138, time=41.6s
[mnist/w2_fp32_adam] round 039/50: loss=0.4321, acc=0.8510, time=40.5s
[mnist/w2_fp32_adam] round 040/50: loss=0.2965, acc=0.9118, time=40.6s
[mnist/w2_fp32_adam] round 041/50: loss=0.4575, acc=0.8422, time=41.0s
[mnist/w2_fp32_adam] round 042/50: loss=0.3090, acc=0.9061, time=40.4s
[mnist/w2_fp32_adam] round 043/50: loss=0.4681, acc=0.8395, time=41.0s
[mnist/w2_fp32_adam] round 044/50: loss=0.3163, acc=0.9028, time=41.0s
[mnist/w2_fp32_adam] round 045/50: loss=0.4819, acc=0.8356, time=40.2s
[mnist/w2_fp32_adam] round 046/50: loss=0.2953, acc=0.9089, time=41.1s
[mnist/w2_fp32_adam] round 047/50: loss=0.4557, acc=0.8436, time=40.9s
[mnist/w2_fp32_adam] round 048/50: loss=0.2871, acc=0.9111, time=40.6s
[mnist/w2_fp32_adam] round 049/50: loss=0.4535, acc=0.8442, time=41.0s
[mnist/w2_fp32_adam] round 050/50: loss=0.2848, acc=0.9112, time=40.7s
completed: results/experiment1_five_v1_final/mnist/w2_fp32_adam/seed_42_20260813_030304
[mnist/w2_fp32_adam] round 001/50: loss=2.7072, acc=0.2192, time=41.5s
[mnist/w2_fp32_adam] round 002/50: loss=2.1149, acc=0.3588, time=41.7s
[mnist/w2_fp32_adam] round 003/50: loss=1.7306, acc=0.4861, time=40.7s
[mnist/w2_fp32_adam] round 004/50: loss=1.4434, acc=0.5692, time=40.9s
[mnist/w2_fp32_adam] round 005/50: loss=1.2105, acc=0.6334, time=41.2s
[mnist/w2_fp32_adam] round 006/50: loss=1.0120, acc=0.6950, time=40.8s
[mnist/w2_fp32_adam] round 007/50: loss=0.8567, acc=0.7351, time=41.1s
[mnist/w2_fp32_adam] round 008/50: loss=0.7425, acc=0.7686, time=41.4s
[mnist/w2_fp32_adam] round 009/50: loss=0.6559, acc=0.7970, time=40.8s
[mnist/w2_fp32_adam] round 010/50: loss=0.6011, acc=0.8122, time=40.9s
[mnist/w2_fp32_adam] round 011/50: loss=0.5581, acc=0.8253, time=41.4s
[mnist/w2_fp32_adam] round 012/50: loss=0.5245, acc=0.8342, time=41.1s
[mnist/w2_fp32_adam] round 013/50: loss=0.4989, acc=0.8433, time=41.9s
[mnist/w2_fp32_adam] round 014/50: loss=0.4701, acc=0.8521, time=41.2s
[mnist/w2_fp32_adam] round 015/50: loss=0.4561, acc=0.8555, time=41.2s
[mnist/w2_fp32_adam] round 016/50: loss=0.4320, acc=0.8630, time=42.1s
[mnist/w2_fp32_adam] round 017/50: loss=0.4249, acc=0.8637, time=40.9s
[mnist/w2_fp32_adam] round 018/50: loss=0.4047, acc=0.8720, time=41.3s
[mnist/w2_fp32_adam] round 019/50: loss=0.4069, acc=0.8695, time=41.6s
[mnist/w2_fp32_adam] round 020/50: loss=0.3730, acc=0.8824, time=40.6s
[mnist/w2_fp32_adam] round 021/50: loss=0.3991, acc=0.8697, time=44.5s
[mnist/w2_fp32_adam] round 022/50: loss=0.3477, acc=0.8918, time=41.3s
[mnist/w2_fp32_adam] round 023/50: loss=0.4070, acc=0.8627, time=41.1s
[mnist/w2_fp32_adam] round 024/50: loss=0.3302, acc=0.8969, time=41.5s
[mnist/w2_fp32_adam] round 025/50: loss=0.4236, acc=0.8536, time=41.5s
[mnist/w2_fp32_adam] round 026/50: loss=0.3197, acc=0.9001, time=41.0s
[mnist/w2_fp32_adam] round 027/50: loss=0.4552, acc=0.8424, time=41.7s
[mnist/w2_fp32_adam] round 028/50: loss=0.3081, acc=0.9032, time=40.9s
[mnist/w2_fp32_adam] round 029/50: loss=0.4637, acc=0.8392, time=41.0s
[mnist/w2_fp32_adam] round 030/50: loss=0.3008, acc=0.9048, time=41.6s
[mnist/w2_fp32_adam] round 031/50: loss=0.4655, acc=0.8392, time=41.0s
[mnist/w2_fp32_adam] round 032/50: loss=0.2932, acc=0.9079, time=41.2s
[mnist/w2_fp32_adam] round 033/50: loss=0.4501, acc=0.8425, time=41.7s
[mnist/w2_fp32_adam] round 034/50: loss=0.2777, acc=0.9132, time=41.0s
[mnist/w2_fp32_adam] round 035/50: loss=0.4572, acc=0.8393, time=41.2s
[mnist/w2_fp32_adam] round 036/50: loss=0.2606, acc=0.9175, time=43.1s
[mnist/w2_fp32_adam] round 037/50: loss=0.4478, acc=0.8423, time=41.0s
[mnist/w2_fp32_adam] round 038/50: loss=0.2519, acc=0.9215, time=41.5s
[mnist/w2_fp32_adam] round 039/50: loss=0.4433, acc=0.8442, time=41.5s
[mnist/w2_fp32_adam] round 040/50: loss=0.2417, acc=0.9263, time=41.3s
[mnist/w2_fp32_adam] round 041/50: loss=0.4413, acc=0.8443, time=41.7s
[mnist/w2_fp32_adam] round 042/50: loss=0.2246, acc=0.9325, time=41.1s
[mnist/w2_fp32_adam] round 043/50: loss=0.4320, acc=0.8484, time=41.2s
[mnist/w2_fp32_adam] round 044/50: loss=0.2241, acc=0.9325, time=41.5s
[mnist/w2_fp32_adam] round 045/50: loss=0.4109, acc=0.8554, time=40.8s
[mnist/w2_fp32_adam] round 046/50: loss=0.2157, acc=0.9358, time=41.2s
[mnist/w2_fp32_adam] round 047/50: loss=0.4441, acc=0.8457, time=41.4s
[mnist/w2_fp32_adam] round 048/50: loss=0.2155, acc=0.9356, time=40.7s
[mnist/w2_fp32_adam] round 049/50: loss=0.4051, acc=0.8604, time=41.2s
[mnist/w2_fp32_adam] round 050/50: loss=0.2126, acc=0.9374, time=41.1s
completed: results/experiment1_five_v1_final/mnist/w2_fp32_adam/seed_123_20260813_033728
[mnist/w2_fp32_adam] round 001/50: loss=2.1863, acc=0.2528, time=41.5s
[mnist/w2_fp32_adam] round 002/50: loss=1.7909, acc=0.4054, time=41.8s
[mnist/w2_fp32_adam] round 003/50: loss=1.5698, acc=0.5076, time=41.1s
[mnist/w2_fp32_adam] round 004/50: loss=1.3704, acc=0.5866, time=40.8s
[mnist/w2_fp32_adam] round 005/50: loss=1.1981, acc=0.6485, time=41.7s
[mnist/w2_fp32_adam] round 006/50: loss=1.0493, acc=0.6885, time=40.8s
[mnist/w2_fp32_adam] round 007/50: loss=0.9202, acc=0.7252, time=41.2s
[mnist/w2_fp32_adam] round 008/50: loss=0.8146, acc=0.7500, time=41.7s
[mnist/w2_fp32_adam] round 009/50: loss=0.7278, acc=0.7763, time=41.1s
[mnist/w2_fp32_adam] round 010/50: loss=0.6606, acc=0.7927, time=41.4s
[mnist/w2_fp32_adam] round 011/50: loss=0.6002, acc=0.8117, time=41.6s
[mnist/w2_fp32_adam] round 012/50: loss=0.5742, acc=0.8156, time=41.4s
[mnist/w2_fp32_adam] round 013/50: loss=0.5261, acc=0.8342, time=43.8s
[mnist/w2_fp32_adam] round 014/50: loss=0.5099, acc=0.8355, time=46.1s
[mnist/w2_fp32_adam] round 015/50: loss=0.4841, acc=0.8441, time=43.0s
[mnist/w2_fp32_adam] round 016/50: loss=0.4768, acc=0.8431, time=41.8s
[mnist/w2_fp32_adam] round 017/50: loss=0.4495, acc=0.8554, time=41.3s
[mnist/w2_fp32_adam] round 018/50: loss=0.4477, acc=0.8506, time=41.3s
[mnist/w2_fp32_adam] round 019/50: loss=0.4195, acc=0.8651, time=42.1s
[mnist/w2_fp32_adam] round 020/50: loss=0.4247, acc=0.8589, time=41.4s
[mnist/w2_fp32_adam] round 021/50: loss=0.4016, acc=0.8722, time=41.3s
[mnist/w2_fp32_adam] round 022/50: loss=0.4122, acc=0.8634, time=41.7s
[mnist/w2_fp32_adam] round 023/50: loss=0.3769, acc=0.8779, time=41.1s
[mnist/w2_fp32_adam] round 024/50: loss=0.3959, acc=0.8686, time=41.4s
[mnist/w2_fp32_adam] round 025/50: loss=0.3646, acc=0.8855, time=41.2s
[mnist/w2_fp32_adam] round 026/50: loss=0.3875, acc=0.8709, time=40.8s
[mnist/w2_fp32_adam] round 027/50: loss=0.3711, acc=0.8795, time=41.4s
[mnist/w2_fp32_adam] round 028/50: loss=0.3822, acc=0.8691, time=41.4s
[mnist/w2_fp32_adam] round 029/50: loss=0.4052, acc=0.8628, time=41.0s
[mnist/w2_fp32_adam] round 030/50: loss=0.3902, acc=0.8687, time=42.5s
[mnist/w2_fp32_adam] round 031/50: loss=0.4820, acc=0.8278, time=46.1s
[mnist/w2_fp32_adam] round 032/50: loss=0.4584, acc=0.8464, time=42.6s
[mnist/w2_fp32_adam] round 033/50: loss=0.5849, acc=0.7964, time=42.7s
[mnist/w2_fp32_adam] round 034/50: loss=0.5253, acc=0.8343, time=41.1s
[mnist/w2_fp32_adam] round 035/50: loss=0.6534, acc=0.7800, time=41.0s
[mnist/w2_fp32_adam] round 036/50: loss=0.4751, acc=0.8494, time=41.4s
[mnist/w2_fp32_adam] round 037/50: loss=0.6444, acc=0.7864, time=41.1s
[mnist/w2_fp32_adam] round 038/50: loss=0.3968, acc=0.8719, time=41.4s
[mnist/w2_fp32_adam] round 039/50: loss=0.5753, acc=0.8014, time=41.1s
[mnist/w2_fp32_adam] round 040/50: loss=0.3521, acc=0.8850, time=41.1s
[mnist/w2_fp32_adam] round 041/50: loss=0.5449, acc=0.8109, time=41.9s
[mnist/w2_fp32_adam] round 042/50: loss=0.3123, acc=0.8980, time=41.1s
[mnist/w2_fp32_adam] round 043/50: loss=0.4964, acc=0.8255, time=41.4s
[mnist/w2_fp32_adam] round 044/50: loss=0.3053, acc=0.9005, time=43.6s
[mnist/w2_fp32_adam] round 045/50: loss=0.5024, acc=0.8239, time=40.9s
[mnist/w2_fp32_adam] round 046/50: loss=0.3132, acc=0.8988, time=41.2s
[mnist/w2_fp32_adam] round 047/50: loss=0.5155, acc=0.8211, time=41.3s
[mnist/w2_fp32_adam] round 048/50: loss=0.3271, acc=0.8927, time=41.5s
[mnist/w2_fp32_adam] round 049/50: loss=0.5339, acc=0.8160, time=42.8s
[mnist/w2_fp32_adam] round 050/50: loss=0.3440, acc=0.8881, time=43.2s
completed: results/experiment1_five_v1_final/mnist/w2_fp32_adam/seed_2024_20260813_041205
[mnist/cqfl] round 001/50: loss=2.4258, acc=0.1761, time=41.9s
[mnist/cqfl] round 002/50: loss=2.1628, acc=0.2338, time=42.3s
[mnist/cqfl] round 003/50: loss=1.9928, acc=0.3072, time=40.7s
[mnist/cqfl] round 004/50: loss=1.8233, acc=0.3880, time=40.4s
[mnist/cqfl] round 005/50: loss=1.6518, acc=0.4733, time=40.9s
[mnist/cqfl] round 006/50: loss=1.4833, acc=0.5419, time=39.9s
[mnist/cqfl] round 007/50: loss=1.3253, acc=0.5997, time=39.8s
[mnist/cqfl] round 008/50: loss=1.1830, acc=0.6440, time=40.2s
[mnist/cqfl] round 009/50: loss=1.0585, acc=0.6824, time=39.7s
[mnist/cqfl] round 010/50: loss=0.9563, acc=0.7087, time=40.3s
[mnist/cqfl] round 011/50: loss=0.8758, acc=0.7304, time=40.3s
[mnist/cqfl] round 012/50: loss=0.8061, acc=0.7515, time=40.0s
[mnist/cqfl] round 013/50: loss=0.7504, acc=0.7670, time=40.1s
[mnist/cqfl] round 014/50: loss=0.7080, acc=0.7778, time=40.0s
[mnist/cqfl] round 015/50: loss=0.6719, acc=0.7896, time=39.7s
[mnist/cqfl] round 016/50: loss=0.6318, acc=0.8015, time=40.8s
[mnist/cqfl] round 017/50: loss=0.5996, acc=0.8132, time=40.0s
[mnist/cqfl] round 018/50: loss=0.5699, acc=0.8239, time=39.8s
[mnist/cqfl] round 019/50: loss=0.5489, acc=0.8320, time=40.4s
[mnist/cqfl] round 020/50: loss=0.5192, acc=0.8407, time=40.1s
[mnist/cqfl] round 021/50: loss=0.5030, acc=0.8450, time=39.8s
[mnist/cqfl] round 022/50: loss=0.4855, acc=0.8499, time=40.7s
[mnist/cqfl] round 023/50: loss=0.4667, acc=0.8560, time=40.2s
[mnist/cqfl] round 024/50: loss=0.4452, acc=0.8637, time=39.9s
[mnist/cqfl] round 025/50: loss=0.4375, acc=0.8658, time=40.4s
[mnist/cqfl] round 026/50: loss=0.4224, acc=0.8711, time=39.8s
[mnist/cqfl] round 027/50: loss=0.4099, acc=0.8738, time=39.6s
[mnist/cqfl] round 028/50: loss=0.4016, acc=0.8768, time=40.2s
[mnist/cqfl] round 029/50: loss=0.3840, acc=0.8852, time=40.1s
[mnist/cqfl] round 030/50: loss=0.3747, acc=0.8873, time=40.2s
[mnist/cqfl] round 031/50: loss=0.3666, acc=0.8902, time=40.4s
[mnist/cqfl] round 032/50: loss=0.3589, acc=0.8915, time=40.2s
[mnist/cqfl] round 033/50: loss=0.3465, acc=0.8972, time=40.3s
[mnist/cqfl] round 034/50: loss=0.3393, acc=0.8983, time=40.4s
[mnist/cqfl] round 035/50: loss=0.3354, acc=0.9004, time=40.0s
[mnist/cqfl] round 036/50: loss=0.3267, acc=0.9015, time=40.0s
[mnist/cqfl] round 037/50: loss=0.3219, acc=0.9024, time=42.5s
[mnist/cqfl] round 038/50: loss=0.3092, acc=0.9082, time=45.8s
[mnist/cqfl] round 039/50: loss=0.3013, acc=0.9107, time=48.1s
[mnist/cqfl] round 040/50: loss=0.2972, acc=0.9110, time=48.6s
[mnist/cqfl] round 041/50: loss=0.2963, acc=0.9122, time=47.0s
[mnist/cqfl] round 042/50: loss=0.2867, acc=0.9145, time=47.4s
[mnist/cqfl] round 043/50: loss=0.2816, acc=0.9159, time=43.6s
[mnist/cqfl] round 044/50: loss=0.2742, acc=0.9168, time=44.0s
[mnist/cqfl] round 045/50: loss=0.2732, acc=0.9173, time=47.0s
[mnist/cqfl] round 046/50: loss=0.2715, acc=0.9173, time=46.8s
[mnist/cqfl] round 047/50: loss=0.2613, acc=0.9209, time=47.4s
[mnist/cqfl] round 048/50: loss=0.2615, acc=0.9199, time=47.4s
[mnist/cqfl] round 049/50: loss=0.2583, acc=0.9214, time=44.7s
[mnist/cqfl] round 050/50: loss=0.2519, acc=0.9230, time=42.3s
completed: results/experiment1_five_v1_final/mnist/cqfl/seed_42_20260813_044705
[mnist/cqfl] round 001/50: loss=2.8380, acc=0.1753, time=46.3s
[mnist/cqfl] round 002/50: loss=2.3000, acc=0.2722, time=46.8s
[mnist/cqfl] round 003/50: loss=1.9846, acc=0.3778, time=46.9s
[mnist/cqfl] round 004/50: loss=1.7470, acc=0.4601, time=47.0s
[mnist/cqfl] round 005/50: loss=1.5177, acc=0.5411, time=46.8s
[mnist/cqfl] round 006/50: loss=1.3175, acc=0.6046, time=40.8s
[mnist/cqfl] round 007/50: loss=1.1402, acc=0.6627, time=45.5s
[mnist/cqfl] round 008/50: loss=1.0039, acc=0.7030, time=46.8s
[mnist/cqfl] round 009/50: loss=0.8913, acc=0.7305, time=46.3s
[mnist/cqfl] round 010/50: loss=0.8060, acc=0.7537, time=46.5s
[mnist/cqfl] round 011/50: loss=0.7409, acc=0.7702, time=46.2s
[mnist/cqfl] round 012/50: loss=0.6842, acc=0.7860, time=41.0s
[mnist/cqfl] round 013/50: loss=0.6438, acc=0.7982, time=43.8s
[mnist/cqfl] round 014/50: loss=0.6051, acc=0.8096, time=46.6s
[mnist/cqfl] round 015/50: loss=0.5687, acc=0.8218, time=46.8s
[mnist/cqfl] round 016/50: loss=0.5432, acc=0.8282, time=46.6s
[mnist/cqfl] round 017/50: loss=0.5203, acc=0.8357, time=46.8s
[mnist/cqfl] round 018/50: loss=0.4970, acc=0.8428, time=44.4s
[mnist/cqfl] round 019/50: loss=0.4735, acc=0.8513, time=42.8s
[mnist/cqfl] round 020/50: loss=0.4560, acc=0.8572, time=45.2s
[mnist/cqfl] round 021/50: loss=0.4398, acc=0.8613, time=46.6s
[mnist/cqfl] round 022/50: loss=0.4288, acc=0.8640, time=47.2s
[mnist/cqfl] round 023/50: loss=0.4198, acc=0.8671, time=47.2s
[mnist/cqfl] round 024/50: loss=0.4061, acc=0.8720, time=46.8s
[mnist/cqfl] round 025/50: loss=0.3935, acc=0.8748, time=41.7s
[mnist/cqfl] round 026/50: loss=0.3766, acc=0.8815, time=47.8s
[mnist/cqfl] round 027/50: loss=0.3717, acc=0.8824, time=47.2s
[mnist/cqfl] round 028/50: loss=0.3571, acc=0.8861, time=46.9s
[mnist/cqfl] round 029/50: loss=0.3450, acc=0.8923, time=46.7s
[mnist/cqfl] round 030/50: loss=0.3428, acc=0.8920, time=46.5s
[mnist/cqfl] round 031/50: loss=0.3333, acc=0.8947, time=41.4s
[mnist/cqfl] round 032/50: loss=0.3273, acc=0.8969, time=45.9s
[mnist/cqfl] round 033/50: loss=0.3196, acc=0.8994, time=47.2s
[mnist/cqfl] round 034/50: loss=0.3082, acc=0.9029, time=45.2s
[mnist/cqfl] round 035/50: loss=0.3024, acc=0.9036, time=40.5s
[mnist/cqfl] round 036/50: loss=0.3064, acc=0.9017, time=40.3s
[mnist/cqfl] round 037/50: loss=0.2933, acc=0.9066, time=40.8s
[mnist/cqfl] round 038/50: loss=0.2964, acc=0.9052, time=40.7s
[mnist/cqfl] round 039/50: loss=0.2835, acc=0.9093, time=40.6s
[mnist/cqfl] round 040/50: loss=0.2779, acc=0.9103, time=41.0s
[mnist/cqfl] round 041/50: loss=0.2747, acc=0.9116, time=40.4s
[mnist/cqfl] round 042/50: loss=0.2680, acc=0.9148, time=40.6s
[mnist/cqfl] round 043/50: loss=0.2661, acc=0.9143, time=41.6s
[mnist/cqfl] round 044/50: loss=0.2603, acc=0.9158, time=42.0s
[mnist/cqfl] round 045/50: loss=0.2547, acc=0.9176, time=41.3s
[mnist/cqfl] round 046/50: loss=0.2587, acc=0.9150, time=42.3s
[mnist/cqfl] round 047/50: loss=0.2587, acc=0.9149, time=42.0s
[mnist/cqfl] round 048/50: loss=0.2497, acc=0.9193, time=41.4s
[mnist/cqfl] round 049/50: loss=0.2459, acc=0.9203, time=42.4s
[mnist/cqfl] round 050/50: loss=0.2384, acc=0.9239, time=41.1s
completed: results/experiment1_five_v1_final/mnist/cqfl/seed_123_20260813_052209
[mnist/cqfl] round 001/50: loss=2.3484, acc=0.2074, time=41.2s
[mnist/cqfl] round 002/50: loss=2.0703, acc=0.2885, time=44.7s
[mnist/cqfl] round 003/50: loss=1.8650, acc=0.3875, time=48.5s
[mnist/cqfl] round 004/50: loss=1.6817, acc=0.4619, time=48.3s
[mnist/cqfl] round 005/50: loss=1.5142, acc=0.5311, time=48.0s
[mnist/cqfl] round 006/50: loss=1.3537, acc=0.5913, time=44.2s
[mnist/cqfl] round 007/50: loss=1.2074, acc=0.6418, time=44.4s
[mnist/cqfl] round 008/50: loss=1.0824, acc=0.6813, time=40.7s
[mnist/cqfl] round 009/50: loss=0.9768, acc=0.7103, time=43.5s
[mnist/cqfl] round 010/50: loss=0.8890, acc=0.7348, time=44.6s
[mnist/cqfl] round 011/50: loss=0.8216, acc=0.7500, time=44.7s
[mnist/cqfl] round 012/50: loss=0.7684, acc=0.7615, time=44.4s
[mnist/cqfl] round 013/50: loss=0.7187, acc=0.7735, time=44.7s
[mnist/cqfl] round 014/50: loss=0.6758, acc=0.7849, time=43.9s
[mnist/cqfl] round 015/50: loss=0.6448, acc=0.7947, time=40.4s
[mnist/cqfl] round 016/50: loss=0.6169, acc=0.8003, time=45.7s
[mnist/cqfl] round 017/50: loss=0.5876, acc=0.8106, time=45.1s
[mnist/cqfl] round 018/50: loss=0.5655, acc=0.8169, time=45.8s
[mnist/cqfl] round 019/50: loss=0.5502, acc=0.8192, time=46.0s
[mnist/cqfl] round 020/50: loss=0.5289, acc=0.8247, time=45.4s
[mnist/cqfl] round 021/50: loss=0.5101, acc=0.8300, time=41.7s
[mnist/cqfl] round 022/50: loss=0.4913, acc=0.8371, time=42.6s
[mnist/cqfl] round 023/50: loss=0.4792, acc=0.8411, time=44.8s
[mnist/cqfl] round 024/50: loss=0.4703, acc=0.8427, time=46.3s
[mnist/cqfl] round 025/50: loss=0.4523, acc=0.8492, time=46.0s
[mnist/cqfl] round 026/50: loss=0.4431, acc=0.8512, time=46.0s
[mnist/cqfl] round 027/50: loss=0.4376, acc=0.8523, time=44.9s
[mnist/cqfl] round 028/50: loss=0.4304, acc=0.8525, time=40.5s
[mnist/cqfl] round 029/50: loss=0.4178, acc=0.8577, time=44.5s
[mnist/cqfl] round 030/50: loss=0.4075, acc=0.8622, time=44.2s
[mnist/cqfl] round 031/50: loss=0.3966, acc=0.8652, time=45.2s
[mnist/cqfl] round 032/50: loss=0.3898, acc=0.8674, time=46.0s
[mnist/cqfl] round 033/50: loss=0.3843, acc=0.8700, time=45.4s
[mnist/cqfl] round 034/50: loss=0.3766, acc=0.8721, time=41.5s
[mnist/cqfl] round 035/50: loss=0.3708, acc=0.8746, time=42.4s
[mnist/cqfl] round 036/50: loss=0.3665, acc=0.8760, time=44.7s
[mnist/cqfl] round 037/50: loss=0.3631, acc=0.8772, time=45.8s
[mnist/cqfl] round 038/50: loss=0.3577, acc=0.8780, time=46.5s
[mnist/cqfl] round 039/50: loss=0.3487, acc=0.8830, time=45.9s
[mnist/cqfl] round 040/50: loss=0.3432, acc=0.8837, time=44.9s
[mnist/cqfl] round 041/50: loss=0.3402, acc=0.8842, time=40.8s
[mnist/cqfl] round 042/50: loss=0.3310, acc=0.8902, time=46.1s
[mnist/cqfl] round 043/50: loss=0.3316, acc=0.8880, time=43.6s
[mnist/cqfl] round 044/50: loss=0.3273, acc=0.8903, time=40.0s
[mnist/cqfl] round 045/50: loss=0.3259, acc=0.8912, time=39.4s
[mnist/cqfl] round 046/50: loss=0.3211, acc=0.8931, time=39.6s
[mnist/cqfl] round 047/50: loss=0.3131, acc=0.8978, time=39.8s
[mnist/cqfl] round 048/50: loss=0.3116, acc=0.8967, time=39.7s
[mnist/cqfl] round 049/50: loss=0.3119, acc=0.8976, time=39.7s
[mnist/cqfl] round 050/50: loss=0.3018, acc=0.9010, time=39.9s
completed: results/experiment1_five_v1_final/mnist/cqfl/seed_2024_20260813_055913
